<html>
<body>
<pre>
<h1>µVision Build Log</h1>
<h2>Tool Versions:</h2>
IDE-Version: µVision V5.23.0.0
Copyright (C) 2017 ARM Ltd and ARM Germany GmbH. All rights reserved.
License Information: Wayne Goodwin Northumbria Flex license: error obtaining information 
Tool Versions:
Toolchain:       MDK-Lite  Version: 5.23
Toolchain Path:  C:\Keil_v5\ARM\ARMCC\Bin
C Compiler:      Armcc.exe V5.06 update 4 (build 422)
Assembler:       Armasm.exe V5.06 update 4 (build 422)
Linker/Locator:  ArmLink.exe V5.06 update 4 (build 422)
Library Manager: ArmAr.exe V5.06 update 4 (build 422)
Hex Converter:   FromElf.exe V5.06 update 4 (build 422)
CPU DLL:         SARMCM3.DLL V5.23
Dialog DLL:      DCM.DLL V1.15.0.0
Target DLL:      CMSIS_AGDI.dll V1.27.5.0
Dialog DLL:      TCM.DLL V1.27.0.0
 
<h2>Project:</h2>
C:\Users\Wayne\Desktop\bullets+asteroids\Bullets\particle\particle.uvprojx
Project File Date:  05/07/2017

<h2>Output:</h2>
*** Using Compiler 'V5.06 update 4 (build 422)', folder: 'C:\Keil_v5\ARM\ARMCC\Bin'
Rebuild Project 'particle' - Target 'NXP LPC4088'
compiling nodeheap.cpp...
assembling startup_LPC407x_8x_177x_8x.S...
compiling sys.cpp...
compiling utils.cpp...
compiling system_LPC407x_8x_177x_8x.c...
compiling sys_helper.cpp...
compiling cmsis_nvic.c...
compiling main.cpp...
C:\Users\Wayne\Desktop\bullets+asteroids\Bullets\particle\src\main.cpp(993): warning:  #1035-D: single-precision operand implicitly converted to double-precision
              asteroid->v_y *= 0.5;
C:\Users\Wayne\Desktop\bullets+asteroids\Bullets\particle\src\main.cpp(1002): warning:  #1035-D: single-precision operand implicitly converted to double-precision
              asteroid->v_x *= 0.5;
src\main.cpp: 2 warnings, 0 errors
linking...
C:\Users\Wayne\Desktop\bullets+asteroids\Bullets\mbed_nxp_lpc408x\targets\cmsis\TARGET_NXP\TARGET_LPC408X\TOOLCHAIN_ARM_STD\LPC407X_8X.sct(28): warning: L6314W: No section matches pattern *.o(SPIFI_MEM).
Program Size: Code=34906 RO-data=8602 RW-data=252 ZI-data=2352  
Finished: 0 information, 1 warning and 0 error messages.
".\Objects\mbed_example.axf" - 0 Error(s), 3 Warning(s).

<h2>Collection of Component include folders:</h2>
  .\RTE\_NXP_LPC4088
  C:\Keil_v5\ARM\PACK\Keil\LPC4000_DFP\2.0.0\Device\Include

<h2>Collection of Component Files used:</h2>
Build Time Elapsed:  00:00:01
</pre>
</body>
</html>
