Component: ARM Compiler 5.06 update 4 (build 422) Tool: armlink [4d35d2]

==============================================================================

Section Cross References

    main.o(i._Z10Accelaratev) refers to main.o(.data) for xOrigin1
    main.o(i._Z10Decelaratev) refers to main.o(.data) for xOrigin1
    main.o(i._Z10drawBannerv) refers to adafruit_gfx.o(i._ZN12Adafruit_GFX11setTextSizeEh) for Adafruit_GFX::setTextSize(unsigned char)
    main.o(i._Z10drawBannerv) refers to adafruit_gfx.o(i._ZN12Adafruit_GFX11setTextWrapEb) for Adafruit_GFX::setTextWrap(bool)
    main.o(i._Z10drawBannerv) refers to adafruit_gfx.o(i._ZN12Adafruit_GFX12setTextColorEt) for Adafruit_GFX::setTextColor(unsigned short)
    main.o(i._Z10drawBannerv) refers to adafruit_gfx.o(i._ZN12Adafruit_GFX9setCursorEss) for Adafruit_GFX::setCursor(short, short)
    main.o(i._Z10drawBannerv) refers to stream.o(i._ZN4mbed6Stream6printfEPKcz) for mbed::Stream::printf(const char*, ...)
    main.o(i._Z10drawBannerv) refers to main.o(.data) for lcd
    main.o(i._Z11drawBulletsP12bulletStruct) refers to adafruit_gfx.o(i._ZN12Adafruit_GFX10fillCircleEssst) for Adafruit_GFX::fillCircle(short, short, short, unsigned short)
    main.o(i._Z11drawBulletsP12bulletStruct) refers to main.o(.data) for lcd
    main.o(i._Z13bullet_systemv) refers to nodeheap.o(i._Z15allocnodeBulletv) for allocnodeBullet()
    main.o(i._Z13bullet_systemv) refers to main.o(i._Z13strikeBulletsP12bulletStruct) for strikeBullets(bulletStruct*)
    main.o(i._Z13bullet_systemv) refers to main.o(i._Z13updateBulletsP12bulletStruct) for updateBullets(bulletStruct*)
    main.o(i._Z13bullet_systemv) refers to main.o(.data) for activeBullets
    main.o(i._Z13drawAsteroidsP14asteroidStruct) refers to adafruit_gfx.o(i._ZN12Adafruit_GFX10fillCircleEssst) for Adafruit_GFX::fillCircle(short, short, short, unsigned short)
    main.o(i._Z13drawAsteroidsP14asteroidStruct) refers to main.o(.data) for lcd
    main.o(i._Z13jsPrsdAndRlsd7btnId_t) refers to main.o(i._ZN4mbed9DigitalIn4readEv) for mbed::DigitalIn::read()
    main.o(i._Z13jsPrsdAndRlsd7btnId_t) refers to main.o(.bss) for joystick
    main.o(i._Z13jsPrsdAndRlsd7btnId_t) refers to main.o(.data) for savedState
    main.o(i._Z13strikeBulletsP12bulletStruct) refers to main.o(.data) for x1Coordinate
    main.o(i._Z13updateBulletsP12bulletStruct) refers to nodeheap.o(i._Z20freenodeBulletStructP12bulletStruct) for freenodeBulletStruct(bulletStruct*)
    main.o(i._Z13updateBulletsP12bulletStruct) refers to main.o(.data) for Dt
    main.o(i._Z14drawPlayerShipv) refers to adafruit_gfx.o(i._ZN12Adafruit_GFX12fillTriangleEsssssst) for Adafruit_GFX::fillTriangle(short, short, short, short, short, short, unsigned short)
    main.o(i._Z14drawPlayerShipv) refers to main.o(.data) for shieldActive
    main.o(i._Z15asteroid_systemv) refers to nodeheap.o(i._Z17allocnodeAsteroidv) for allocnodeAsteroid()
    main.o(i._Z15asteroid_systemv) refers to main.o(i._Z15strikeAsteroidsP14asteroidStruct) for strikeAsteroids(asteroidStruct*)
    main.o(i._Z15asteroid_systemv) refers to main.o(i._Z15updateAsteroidsP14asteroidStruct) for updateAsteroids(asteroidStruct*)
    main.o(i._Z15asteroid_systemv) refers to main.o(.data) for activeAsteroids
    main.o(i._Z15strikeAsteroidsP14asteroidStruct) refers to main.o(i._Z9randrangeii) for randrange(int, int)
    main.o(i._Z15updateAsteroidsP14asteroidStruct) refers to f2d.o(x$fpl$f2d) for __aeabi_f2d
    main.o(i._Z15updateAsteroidsP14asteroidStruct) refers to dmul.o(x$fpl$dmul) for __aeabi_dmul
    main.o(i._Z15updateAsteroidsP14asteroidStruct) refers to d2f.o(x$fpl$d2f) for __aeabi_d2f
    main.o(i._Z15updateAsteroidsP14asteroidStruct) refers to nodeheap.o(i._Z22freenodeAsteroidStructP14asteroidStruct) for freenodeAsteroidStruct(asteroidStruct*)
    main.o(i._Z18updateAllPositionsv) refers to main.o(i._Z15asteroid_systemv) for asteroid_system()
    main.o(i._Z18updateAllPositionsv) refers to main.o(i._Z13bullet_systemv) for bullet_system()
    main.o(i._Z19swap_double_buffersv) refers to main.o(.data) for lcd
    main.o(i._Z21init_double_bufferingv) refers to main.o(.data) for lcd
    main.o(i._Z24InitialiseStartingBannerv) refers to adafruit_gfx.o(i._ZN12Adafruit_GFX10drawBitmapEssPKhsst) for Adafruit_GFX::drawBitmap(short, short, const unsigned char*, short, short, unsigned short)
    main.o(i._Z24InitialiseStartingBannerv) refers to main.o(.data) for PlayGameFlag
    main.o(i._Z24InitialiseStartingBannerv) refers to main.o(.constdata) for myBitmapBitmap
    main.o(i._Z4drawv) refers to main.o(i._Z24InitialiseStartingBannerv) for InitialiseStartingBanner()
    main.o(i._Z4drawv) refers to main.o(i._Z10drawBannerv) for drawBanner()
    main.o(i._Z4drawv) refers to main.o(i._Z14drawPlayerShipv) for drawPlayerShip()
    main.o(i._Z4drawv) refers to main.o(i._Z11drawBulletsP12bulletStruct) for drawBullets(bulletStruct*)
[...]
    LcdController::Config::Config__sub_object(int, int, int, int, int, int, int, int, bool, bool, bool, bool, int, LcdController::BitsPerPixel, int, LcdController::LcdPanel, bool) 0x00005e01   Thumb Code     0  display.o(i._ZN13LcdController6ConfigC1EiiiiiiiibbbbiNS_12BitsPerPixelEiNS_8LcdPanelEb)
    LcdController::setPower(bool)            0x00005e61   Thumb Code    62  lcdcontroller.o(i._ZN13LcdController8setPowerEb)
    LcdController::pinConfig()               0x00005ea5   Thumb Code   342  lcdcontroller.o(i._ZN13LcdController9pinConfigEv)
    LcdController::LcdController()           0x00006001   Thumb Code     6  lcdcontroller.o(i._ZN13LcdControllerC1Ev)
    LcdController::LcdController__sub_object() 0x00006001   Thumb Code     0  lcdcontroller.o(i._ZN13LcdControllerC1Ev)
    EaLcdBoardGPIO::set5VSignal(bool)        0x00006007   Thumb Code    32  ealcdboardgpio.o(i._ZN14EaLcdBoardGPIO11set5VSignalEb)
    EaLcdBoardGPIO::set3V3Signal(bool)       0x00006027   Thumb Code    32  ealcdboardgpio.o(i._ZN14EaLcdBoardGPIO12set3V3SignalEb)
    EaLcdBoardGPIO::setWriteProtect(bool)    0x00006047   Thumb Code     2  ealcdboardgpio.o(i._ZN14EaLcdBoardGPIO15setWriteProtectEb)
    EaLcdBoardGPIO::setBacklightContrast(unsigned) 0x00006049   Thumb Code    78  ealcdboardgpio.o(i._ZN14EaLcdBoardGPIO20setBacklightContrastEj)
    EaLcdBoardGPIO::setDisplayEnableSignal(bool) 0x000060a5   Thumb Code    46  ealcdboardgpio.o(i._ZN14EaLcdBoardGPIO22setDisplayEnableSignalEb)
    EaLcdBoardGPIO::EaLcdBoardGPIO(PinName, PinName) 0x000060dd   Thumb Code   150  ealcdboardgpio.o(i._ZN14EaLcdBoardGPIOC1E7PinNameS0_)
    EaLcdBoardGPIO::EaLcdBoardGPIO__sub_object(PinName, PinName) 0x000060dd   Thumb Code     0  ealcdboardgpio.o(i._ZN14EaLcdBoardGPIOC1E7PinNameS0_)
    mbed::DigitalOut::DigitalOut(PinName)    0x00006179   Thumb Code    26  ealcdboardgpio.o(i._ZN4mbed10DigitalOutC1E7PinName)
    mbed::DigitalOut::DigitalOut__sub_object(PinName) 0x00006179   Thumb Code     0  ealcdboardgpio.o(i._ZN4mbed10DigitalOutC1E7PinName)
    mbed::DigitalOut::operator =(int)        0x00006195   Thumb Code    64  ealcdboardgpio.o(i._ZN4mbed10DigitalOutaSEi)
    mbed::FileHandle::flen()                 0x000061f1   Thumb Code    58  filelike.o(i._ZN4mbed10FileHandle4flenEv)
    mbed::TimerEvent::irq(unsigned)          0x0000622b   Thumb Code    16  timerevent.o(i._ZN4mbed10TimerEvent3irqEj)
    mbed::TimerEvent::insert(unsigned)       0x0000623b   Thumb Code    20  timerevent.o(i._ZN4mbed10TimerEvent6insertEj)
    mbed::TimerEvent::remove()               0x0000624f   Thumb Code    14  timerevent.o(i._ZN4mbed10TimerEvent6removeEv)
    mbed::TimerEvent::TimerEvent__sub_object() 0x0000625d   Thumb Code    34  timerevent.o(i._ZN4mbed10TimerEventC2Ev)
    mbed::TimerEvent::~TimerEvent()          0x00006289   Thumb Code     0  timerevent.o(i._ZN4mbed10TimerEventD2Ev)
    mbed::TimerEvent::~TimerEvent__sub_object() 0x00006289   Thumb Code    18  timerevent.o(i._ZN4mbed10TimerEventD2Ev)
    mbed::mbed_set_unbuffered_stream(std::__FILE*) 0x000062a1   Thumb Code    14  retarget.o(i._ZN4mbed26mbed_set_unbuffered_streamEPSt6__FILE)
    mbed::I2C::read(int, char*, int, bool)   0x000062af   Thumb Code    58  i2c.o(i._ZN4mbed3I2C4readEiPcib)
    mbed::I2C::write(int, const char*, int, bool) 0x000062e9   Thumb Code    58  i2c.o(i._ZN4mbed3I2C5writeEiPKcib)
    mbed::I2C::aquire()                      0x00006325   Thumb Code    26  i2c.o(i._ZN4mbed3I2C6aquireEv)
    mbed::I2C::I2C(PinName, PinName)         0x00006345   Thumb Code    34  i2c.o(i._ZN4mbed3I2CC1E7PinNameS1_)
    mbed::I2C::I2C__sub_object(PinName, PinName) 0x00006345   Thumb Code     0  i2c.o(i._ZN4mbed3I2CC1E7PinNameS1_)
    mbed::Stream::flen()                     0x00006371   Thumb Code     6  stream.o(i._ZN4mbed6Stream4flenEv)
    mbed::Stream::close()                    0x00006377   Thumb Code     6  stream.o(i._ZN4mbed6Stream5closeEv)
    mbed::Stream::lseek(long, int)           0x0000637d   Thumb Code     6  stream.o(i._ZN4mbed6Stream5lseekEli)
    mbed::Stream::write(const void*, unsigned) 0x00006383   Thumb Code    48  stream.o(i._ZN4mbed6Stream5writeEPKvj)
    mbed::Stream::isatty()                   0x000063b3   Thumb Code     6  stream.o(i._ZN4mbed6Stream6isattyEv)
    mbed::Stream::printf(const char*, ...)   0x000063b9   Thumb Code    40  stream.o(i._ZN4mbed6Stream6printfEPKcz)
    mbed::Stream::Stream__sub_object(const char*) 0x000063e1   Thumb Code    58  stream.o(i._ZN4mbed6StreamC2EPKc)
    mbed::Ticker::setup(unsigned)            0x00006429   Thumb Code    34  ticker.o(i._ZN4mbed6Ticker5setupEj)
    mbed::Ticker::attach(void(*)(), float)   0x0000644d   Thumb Code    56  main.o(i._ZN4mbed6Ticker6attachEPFvvEf)
    mbed::Ticker::detach()                   0x00006489   Thumb Code    22  ticker.o(i._ZN4mbed6Ticker6detachEv)
    mbed::Ticker::handler()                  0x0000649f   Thumb Code    56  ticker.o(i._ZN4mbed6Ticker7handlerEv)
    mbed::Ticker::Ticker()                   0x000064d9   Thumb Code    40  main.o(i._ZN4mbed6TickerC1Ev)
    mbed::Ticker::Ticker__sub_object()       0x000064d9   Thumb Code     0  main.o(i._ZN4mbed6TickerC1Ev)
    mbed::Ticker::~Ticker()                  0x00006505   Thumb Code    26  main.o(i._ZN4mbed6TickerD1Ev)
    mbed::Ticker::~Ticker__sub_object()      0x00006505   Thumb Code     0  main.o(i._ZN4mbed6TickerD1Ev)
    mbed::FileBase::getPathType()            0x00006525   Thumb Code     6  filebase.o(i._ZN4mbed8FileBase11getPathTypeEv)
    mbed::FileBase::lookup(const char*, unsigned) 0x0000652d   Thumb Code    52  filebase.o(i._ZN4mbed8FileBase6lookupEPKcj)
    mbed::FileBase::FileBase(const char*, mbed::PathType) 0x00006565   Thumb Code    32  filebase.o(i._ZN4mbed8FileBaseC1EPKcNS_8PathTypeE)
    mbed::FileBase::FileBase__sub_object(const char*, mbed::PathType) 0x00006565   Thumb Code     0  filebase.o(i._ZN4mbed8FileBaseC1EPKcNS_8PathTypeE)
    mbed::FileLike::FileLike__sub_object(const char*) 0x0000658d   Thumb Code    34  filelike.o(i._ZN4mbed8FileLikeC2EPKc)
    mbed::FilePath::fileSystem()             0x000065b9   Thumb Code    20  filepath.o(i._ZN4mbed8FilePath10fileSystemEv)
    mbed::FilePath::isFileSystem()           0x000065cd   Thumb Code    28  filepath.o(i._ZN4mbed8FilePath12isFileSystemEv)
    mbed::FilePath::file()                   0x000065e9   Thumb Code    30  filepath.o(i._ZN4mbed8FilePath4fileEv)
    mbed::FilePath::exists()                 0x00006607   Thumb Code    14  filepath.o(i._ZN4mbed8FilePath6existsEv)
    mbed::FilePath::isFile()                 0x00006615   Thumb Code    28  filepath.o(i._ZN4mbed8FilePath6isFileEv)
    mbed::FilePath::fileName()               0x00006631   Thumb Code     6  filepath.o(i._ZN4mbed8FilePath8fileNameEv)
    mbed::FilePath::FilePath(const char*)    0x00006637   Thumb Code    86  filepath.o(i._ZN4mbed8FilePathC1EPKc)
    mbed::FilePath::FilePath__sub_object(const char*) 0x00006637   Thumb Code     0  filepath.o(i._ZN4mbed8FilePathC1EPKc)
    mbed::DigitalIn::read()                  0x0000668d   Thumb Code    48  main.o(i._ZN4mbed9DigitalIn4readEv)
    mbed::DigitalIn::DigitalIn(PinName)      0x000066d9   Thumb Code    26  main.o(i._ZN4mbed9DigitalInC1E7PinName)
    mbed::DigitalIn::DigitalIn__sub_object(PinName) 0x000066d9   Thumb Code     0  main.o(i._ZN4mbed9DigitalInC1E7PinName)
    GFXFb::fillScreen(unsigned short)        0x000066f3   Thumb Code    38  gfxfb.o(i._ZN5GFXFb10fillScreenEt)
    GFXFb::drawFastHLine(short, short, short, unsigned short) 0x00006719   Thumb Code    98  gfxfb.o(i._ZN5GFXFb13drawFastHLineEssst)
    GFXFb::drawFastVLine(short, short, short, unsigned short) 0x0000677b   Thumb Code   104  gfxfb.o(i._ZN5GFXFb13drawFastVLineEssst)
    GFXFb::drawPixel(short, short, unsigned short) 0x000067e3   Thumb Code    70  gfxfb.o(i._ZN5GFXFb9drawPixelEsst)
    GFXFb::GFXFb(unsigned short, unsigned short, unsigned short*) 0x00006829   Thumb Code    36  gfxfb.o(i._ZN5GFXFbC1EttPt)
    GFXFb::GFXFb__sub_object(unsigned short, unsigned short, unsigned short*) 0x00006829   Thumb Code     0  gfxfb.o(i._ZN5GFXFbC1EttPt)
    Display::theDisplay()                    0x00006851   Thumb Code    50  display.o(i._ZN7Display10theDisplayEv)
    Display::_putc(int)                      0x0000688d   Thumb Code    20  display.o(i._ZN7Display5_putcEi)
    Display::Display()                       0x000068a1   Thumb Code   272  display.o(i._ZN7DisplayC1Ev)
    Display::Display__sub_object()           0x000068a1   Thumb Code     0  display.o(i._ZN7DisplayC1Ev)
    std::cos(float)                          0x000069f1   Thumb Code    24  main.o(i._ZSt3cosf)
    std::sin(float)                          0x00006a09   Thumb Code    24  main.o(i._ZSt3sinf)
    operator new(unsigned)                   0x00006a21   Thumb Code    34  new.o(i._Znwj)
    __ARM_fpclassify                         0x00006a49   Thumb Code    48  fpclassify.o(i.__ARM_fpclassify)
    __ARM_fpclassifyf                        0x00006a79   Thumb Code    38  fpclassifyf.o(i.__ARM_fpclassifyf)
    __cxa_guard_acquire                      0x00006a9f   Thumb Code    16  cxa_guard_acquire.o(i.__cxa_guard_acquire)
    __cxa_pure_virtual                       0x00006aaf   Thumb Code     6  pure_virt.o(i.__cxa_pure_virtual)
    __hardfp_cosf                            0x00006ab5   Thumb Code   280  cosf.o(i.__hardfp_cosf)
    __hardfp_sinf                            0x00006c05   Thumb Code   344  sinf.o(i.__hardfp_sinf)
    __mathlib_flt_infnan                     0x00006d95   Thumb Code     6  funder.o(i.__mathlib_flt_infnan)
    __mathlib_flt_invalid                    0x00006d9d   Thumb Code    10  funder.o(i.__mathlib_flt_invalid)
    __mathlib_flt_underflow                  0x00006dad   Thumb Code    10  funder.o(i.__mathlib_flt_underflow)
    __mathlib_rredf2                         0x00006dbd   Thumb Code   316  rredf.o(i.__mathlib_rredf2)
    __reserved_stack_size                    0x00006f11   Thumb Code     6  sdram.o(i.__reserved_stack_size)
    __rt_heap_extend                         0x00006f19   Thumb Code    54  sdram.o(i.__rt_heap_extend)
    __user_setup_stackheap                   0x0000702d   Thumb Code    42  sys.o(i.__user_setup_stackheap)
    _is_digit                                0x000070b7   Thumb Code    14  __printf_wp.o(i._is_digit)
    _sys_close                               0x000070c5   Thumb Code    44  retarget.o(i._sys_close)
    _sys_flen                                0x000070f5   Thumb Code    38  retarget.o(i._sys_flen)
    _sys_istty                               0x00007121   Thumb Code    38  retarget.o(i._sys_istty)
    _sys_open                                0x0000714d   Thumb Code   284  retarget.o(i._sys_open)
    _sys_seek                                0x0000727d   Thumb Code    44  retarget.o(i._sys_seek)
    _sys_write                               0x000072ad   Thumb Code    88  retarget.o(i._sys_write)
    error                                    0x00007311   Thumb Code    28  error.o(i.error)
    exit                                     0x00007331   Thumb Code    24  retarget.o(i.exit)
    fpu_init                                 0x00007351   Thumb Code    62  system_lpc407x_8x_177x_8x.o(i.fpu_init)
    fputc                                    0x000073a1   Thumb Code    26  fputc.o(i.fputc)
    get_us_ticker_data                       0x000073bd   Thumb Code     4  us_ticker_api.o(i.get_us_ticker_data)
    gpio_dir                                 0x000073c5   Thumb Code    68  gpio_api.o(i.gpio_dir)
    gpio_init                                0x00007455   Thumb Code    50  gpio_api.o(i.gpio_init)
    gpio_init_in                             0x0000748d   Thumb Code    18  gpio.o(i.gpio_init_in)
    gpio_init_in_ex                          0x0000749f   Thumb Code    20  gpio.o(i.gpio_init_in_ex)
    gpio_init_out                            0x000074b3   Thumb Code    18  gpio.o(i.gpio_init_out)
    gpio_init_out_ex                         0x000074c5   Thumb Code    22  gpio.o(i.gpio_init_out_ex)
    gpio_mode                                0x000074db   Thumb Code    18  gpio_api.o(i.gpio_mode)
    gpio_set                                 0x000074ed   Thumb Code    40  gpio_api.o(i.gpio_set)
    i2c_frequency                            0x00007701   Thumb Code    22  i2c_api.o(i.i2c_frequency)
    i2c_init                                 0x0000771d   Thumb Code   218  i2c_api.o(i.i2c_init)
    i2c_read                                 0x00007861   Thumb Code   176  i2c_api.o(i.i2c_read)
    i2c_start                                0x00007911   Thumb Code    72  i2c_api.o(i.i2c_start)
    i2c_stop                                 0x00007961   Thumb Code    58  i2c_api.o(i.i2c_stop)
    i2c_write                                0x000079c9   Thumb Code   130  i2c_api.o(i.i2c_write)
    $Super$$main                             0x00007a4d   Thumb Code    62  main.o(i.main)
    mbed_assert_internal                     0x00007ab1   Thumb Code    22  assert.o(i.mbed_assert_internal)
    mbed_die                                 0x00007afd   Thumb Code   116  board.o(i.mbed_die)
    mbed_main                                0x00007b71   Thumb Code     2  retarget.o(i.mbed_main)
    mbed_sdk_init                            0x00007b73   Thumb Code     2  retarget.o(i.mbed_sdk_init)
    pin_function                             0x00007b75   Thumb Code    42  pinmap.o(i.pin_function)
    pin_mode                                 0x00007be9   Thumb Code    66  pinmap.o(i.pin_mode)
    pinmap_find_peripheral                   0x00007c75   Thumb Code    32  pinmap_common.o(i.pinmap_find_peripheral)
    pinmap_merge                             0x00007c95   Thumb Code    42  pinmap_common.o(i.pinmap_merge)
    pinmap_peripheral                        0x00007cd5   Thumb Code    44  pinmap_common.o(i.pinmap_peripheral)
    pinmap_pinout                            0x00007d21   Thumb Code    62  pinmap_common.o(i.pinmap_pinout)
    pwmout_init                              0x00007d75   Thumb Code   184  pwmout_api.o(i.pwmout_init)
    pwmout_period_ms                         0x00007e69   Thumb Code    22  pwmout_api.o(i.pwmout_period_ms)
    pwmout_period_us                         0x00007e81   Thumb Code    64  pwmout_api.o(i.pwmout_period_us)
    pwmout_write                             0x00007ec5   Thumb Code   100  pwmout_api.o(i.pwmout_write)
    serial_baud                              0x00007f2d   Thumb Code   320  serial_api.o(i.serial_baud)
    serial_format                            0x00008071   Thumb Code   168  serial_api.o(i.serial_format)
    serial_init                              0x0000816d   Thumb Code   378  serial_api.o(i.serial_init)
    serial_putc                              0x00008319   Thumb Code    24  serial_api.o(i.serial_putc)
    serial_writable                          0x00008331   Thumb Code    12  serial_api.o(i.serial_writable)
    ticker_insert_event                      0x0000833d   Thumb Code    80  ticker_api.o(i.ticker_insert_event)
    ticker_irq_handler                       0x0000838d   Thumb Code    90  ticker_api.o(i.ticker_irq_handler)
    ticker_read                              0x000083e7   Thumb Code    12  ticker_api.o(i.ticker_read)
    ticker_remove_event                      0x000083f3   Thumb Code    82  ticker_api.o(i.ticker_remove_event)
    ticker_set_handler                       0x00008445   Thumb Code    18  ticker_api.o(i.ticker_set_handler)
    us_ticker_clear_interrupt                0x00008459   Thumb Code     8  us_ticker.o(i.us_ticker_clear_interrupt)
    us_ticker_disable_interrupt              0x00008465   Thumb Code    14  us_ticker.o(i.us_ticker_disable_interrupt)
    us_ticker_init                           0x00008479   Thumb Code    92  us_ticker.o(i.us_ticker_init)
    us_ticker_irq_handler                    0x000084ed   Thumb Code    10  us_ticker_api.o(i.us_ticker_irq_handler)
    us_ticker_read                           0x000084fd   Thumb Code    18  us_ticker.o(i.us_ticker_read)
    us_ticker_set_interrupt                  0x00008519   Thumb Code    16  us_ticker.o(i.us_ticker_set_interrupt)
    wait                                     0x0000852d   Thumb Code    36  wait_api.o(i.wait)
    wait_ms                                  0x00008555   Thumb Code    18  wait_api.o(i.wait_ms)
    wait_us                                  0x00008567   Thumb Code    24  wait_api.o(i.wait_us)
    _get_lc_numeric                          0x00008581   Thumb Code    44  lc_numeric_c.o(locale$$code)
    _get_lc_ctype                            0x000085ad   Thumb Code    44  lc_ctype_c.o(locale$$code)
    mbed::FunctionPointerArg1<void, void>::attach(void(*)()) 0x000085d9   Thumb Code     8  main.o(t._ZN4mbed19FunctionPointerArg1IvvE6attachEPFvvE)
    __aeabi_d2f                              0x000085e1   Thumb Code     0  d2f.o(x$fpl$d2f)
    _d2f                                     0x000085e1   Thumb Code    98  d2f.o(x$fpl$d2f)
    __aeabi_dmul                             0x00008645   Thumb Code     0  dmul.o(x$fpl$dmul)
    _dmul                                    0x00008645   Thumb Code   332  dmul.o(x$fpl$dmul)
    __fpl_dnaninf                            0x00008799   Thumb Code   156  dnaninf.o(x$fpl$dnaninf)
    __fpl_dretinf                            0x00008835   Thumb Code    12  dretinf.o(x$fpl$dretinf)
    __aeabi_f2d                              0x00008841   Thumb Code     0  f2d.o(x$fpl$f2d)
    _f2d                                     0x00008841   Thumb Code    86  f2d.o(x$fpl$f2d)
    __fpl_fnaninf                            0x00008897   Thumb Code   140  fnaninf.o(x$fpl$fnaninf)
    _fp_init                                 0x00008923   Thumb Code    10  fpinit.o(x$fpl$fpinit)
    __fplib_config_fpu_vfp                   0x0000892b   Thumb Code     0  fpinit.o(x$fpl$fpinit)
    __fplib_config_pureend_doubles           0x0000892b   Thumb Code     0  fpinit.o(x$fpl$fpinit)
    __fpl_fretinf                            0x0000892d   Thumb Code    10  fretinf.o(x$fpl$fretinf)
    _printf_fp_dec                           0x00008937   Thumb Code     4  printf1.o(x$fpl$printf1)
    _printf_fp_hex                           0x0000893b   Thumb Code     4  printf2.o(x$fpl$printf2)
    __I$use$fp                               0x0000893e   Number         0  usenofp.o(x$fpl$usenofp)
    __stdin_name                             0x0000a050   Data           7  retarget.o(.constdata)
    __stdout_name                            0x0000a057   Data           8  retarget.o(.constdata)
    __stderr_name                            0x0000a05f   Data           8  retarget.o(.constdata)
    vtable for EaLcdBoard                    0x0000a56c   Data          28  ealcdboard.o(.constdata__ZTV10EaLcdBoard)
    vtable for Adafruit_GFX                  0x0000a588   Data          44  adafruit_gfx.o(.constdata__ZTV12Adafruit_GFX)
    vtable for EaLcdBoardGPIO                0x0000a5b4   Data          28  ealcdboardgpio.o(.constdata__ZTV14EaLcdBoardGPIO)
    vtable for GFXFb                         0x0000a5d0   Data          44  gfxfb.o(.constdata__ZTV5GFXFb)
    vtable for Display                       0x0000a5fc   Data         112  display.o(.constdata__ZTV7Display)
    vtable for mbed::FileHandle              0x0000a66c   Data          44  retarget.o(.constdata__ZTVN4mbed10FileHandleE)
    vtable for mbed::TimerEvent              0x0000a698   Data          20  timerevent.o(.constdata__ZTVN4mbed10TimerEventE)
    vtable for mbed::Stream                  0x0000a6ac   Data          68  stream.o(.constdata__ZTVN4mbed6StreamE)
    vtable for mbed::Ticker                  0x0000a6f0   Data          20  ticker.o(.constdata__ZTVN4mbed6TickerE)
    vtable for mbed::FileBase                0x0000a704   Data          16  filebase.o(.constdata__ZTVN4mbed8FileBaseE)
    vtable for mbed::FileLike                0x0000a714   Data          60  filelike.o(.constdata__ZTVN4mbed8FileLikeE)
    Region$$Table$$Base                      0x0000a8a4   Number         0  anon$$obj.o(Region$$Table)
    Region$$Table$$Limit                     0x0000a8c4   Number         0  anon$$obj.o(Region$$Table)
    __ctype                                  0x0000a8ed   Data           0  lc_ctype_c.o(locale$$data)
    SHT$$INIT_ARRAY$$Base                    0x0000a9f0   Number         0  main.o(.init_array)
    SHT$$INIT_ARRAY$$Limit                   0x0000a9f4   Number         0  init_aeabi.o(.init_array)
    lcd                                      0x100000e8   Data           4  main.o(.data)
    elapsed_time                             0x100000ec   Data           4  main.o(.data)
    score                                    0x100000f0   Data           4  main.o(.data)
    totalScore                               0x100000f4   Data           4  main.o(.data)
    lives                                    0x100000f8   Data           4  main.o(.data)
    checker                                  0x100000fc   Data           4  main.o(.data)
    x1Coordinate                             0x10000100   Data           4  main.o(.data)
    x2Coordinate                             0x10000104   Data           4  main.o(.data)
    x3Coordinate                             0x10000108   Data           4  main.o(.data)
    y1Coordinate                             0x1000010c   Data           4  main.o(.data)
    y2Coordinate                             0x10000110   Data           4  main.o(.data)
    y3Coordinate                             0x10000114   Data           4  main.o(.data)
    ship_dx                                  0x10000118   Data           4  main.o(.data)
    ship_dy                                  0x1000011c   Data           4  main.o(.data)
    headingAngle                             0x10000120   Data           4  main.o(.data)
    xOrigin1                                 0x10000124   Data           4  main.o(.data)
    yOrigin1                                 0x10000128   Data           4  main.o(.data)
    xOrigin2                                 0x1000012c   Data           4  main.o(.data)
    yOrigin2                                 0x10000130   Data           4  main.o(.data)
    xOrigin3                                 0x10000134   Data           4  main.o(.data)
    yOrigin3                                 0x10000138   Data           4  main.o(.data)
    temp                                     0x1000013c   Data           4  main.o(.data)
    differenceX                              0x10000140   Data           4  main.o(.data)
    differenceY                              0x10000144   Data           4  main.o(.data)
    relativityIndexX                         0x10000148   Data           4  main.o(.data)
    relativityIndexY                         0x1000014c   Data           4  main.o(.data)
    Dt                                       0x10000150   Data           4  main.o(.data)
    joystickPress                            0x10000154   Data           4  main.o(.data)
    paused                                   0x10000158   Data           1  main.o(.data)
    PlayGameFlag                             0x10000159   Data           1  main.o(.data)
    shieldActive                             0x1000015a   Data           1  main.o(.data)
    activeBullets                            0x1000015c   Data           4  main.o(.data)
    activeAsteroids                          0x10000160   Data           4  main.o(.data)
    SystemCoreClock                          0x10000184   Data           4  system_lpc407x_8x_177x_8x.o(.data)
    PeripheralClock                          0x10000188   Data           4  system_lpc407x_8x_177x_8x.o(.data)
    EMCClock                                 0x1000018c   Data           4  system_lpc407x_8x_177x_8x.o(.data)
    USBClock                                 0x10000190   Data           4  system_lpc407x_8x_177x_8x.o(.data)
    us_ticker_inited                         0x100001a4   Data           4  us_ticker.o(.data)
    mbed::FileBase::_head                    0x100001b8   Data           4  filebase.o(.data)
    mbed::I2C::_owner                        0x100001bc   Data           4  i2c.o(.data)
    stdio_uart_inited                        0x100001c8   Data           4  serial_api.o(.data)
    stdio_uart                               0x100001cc   Data           8  serial_api.o(.data)
    LcdController::_lcdControllerUsed        0x100001d4   Data           1  lcdcontroller.o(.data)
    __aeabi_stdin                            0x100001d8   Data           4  stdio_streams.o(.data)
    __aeabi_stdout                           0x100001dc   Data           4  stdio_streams.o(.data)
    __aeabi_stderr                           0x100001e0   Data           4  stdio_streams.o(.data)
    joystick                                 0x100001e4   Data         120  main.o(.bss)
    userbutton                               0x1000025c   Data          24  main.o(.bss)
    drawing                                  0x10000274   Data          48  main.o(.bss)
    asteroidparticles                        0x100002a4   Data          48  main.o(.bss)
    controller                               0x100002d4   Data          48  main.o(.bss)
    Score                                    0x10000304   Data          48  main.o(.bss)
    particles                                0x10000334   Data          48  main.o(.bss)
    __stdin                                  0x1000090c   Data          84  stdio_streams.o(.bss)
    __stdout                                 0x10000960   Data          84  stdio_streams.o(.bss)
    __stderr                                 0x100009b4   Data          84  stdio_streams.o(.bss)
    _random_number_data                      0x10000a08   Data         228  rand.o(.bss)
    Image$$RW_IRAM1$$ZI$$Limit               0x10000b14   Number         0  anon$$obj.o ABSOLUTE



==============================================================================

Memory Map of the image

  Image Entry point : 0x000000e5

  Load Region LR_IROM1 (Base: 0x00000000, Size: 0x0000aaf0, Max: 0x00080000, ABSOLUTE)

    Execution Region ER_IROM1 (Base: 0x00000000, Size: 0x0000a9f4, Max: 0x00080000, ABSOLUTE)

    Base Addr    Size         Type   Attr      Idx    E Section Name        Object

    0x00000000   0x000000e4   Data   RO          687    RESET               startup_lpc407x_8x_177x_8x.o
    0x000000e4   0x00000008   Code   RO         4321  * !!!main             c_w.l(__main.o)
    0x000000ec   0x00000034   Code   RO         5104    !!!scatter          c_w.l(__scatter.o)
    0x00000120   0x0000001a   Code   RO         5106    !!handler_copy      c_w.l(__scatter_copy.o)
    0x0000013a   0x00000002   PAD
    0x0000013c   0x0000001c   Code   RO         5108    !!handler_zi        c_w.l(__scatter_zi.o)
    0x00000158   0x00000000   Code   RO         4253    .ARM.Collect$$_printf_percent$$00000000  c_w.l(_printf_percent.o)
    0x00000158   0x00000006   Code   RO         4552    .ARM.Collect$$_printf_percent$$00000001  c_w.l(_printf_n.o)
    0x0000015e   0x00000006   Code   RO         4252    .ARM.Collect$$_printf_percent$$00000002  c_w.l(_printf_p.o)
    0x00000164   0x00000006   Code   RO         4558    .ARM.Collect$$_printf_percent$$00000003  c_w.l(_printf_f.o)
    0x0000016a   0x00000006   Code   RO         4559    .ARM.Collect$$_printf_percent$$00000004  c_w.l(_printf_e.o)
    0x00000170   0x00000006   Code   RO         4560    .ARM.Collect$$_printf_percent$$00000005  c_w.l(_printf_g.o)
    0x00000176   0x00000006   Code   RO         4561    .ARM.Collect$$_printf_percent$$00000006  c_w.l(_printf_a.o)
    0x0000017c   0x0000000a   Code   RO         4566    .ARM.Collect$$_printf_percent$$00000007  c_w.l(_printf_ll.o)
    0x00000186   0x00000006   Code   RO         4555    .ARM.Collect$$_printf_percent$$00000008  c_w.l(_printf_i.o)
    0x0000018c   0x00000006   Code   RO         4556    .ARM.Collect$$_printf_percent$$00000009  c_w.l(_printf_d.o)
    0x00000192   0x00000006   Code   RO         4557    .ARM.Collect$$_printf_percent$$0000000A  c_w.l(_printf_u.o)
    0x00000198   0x00000006   Code   RO         4554    .ARM.Collect$$_printf_percent$$0000000B  c_w.l(_printf_o.o)
    0x0000019e   0x00000006   Code   RO         4553    .ARM.Collect$$_printf_percent$$0000000C  c_w.l(_printf_x.o)
    0x000001a4   0x00000006   Code   RO         4563    .ARM.Collect$$_printf_percent$$0000000D  c_w.l(_printf_lli.o)
    0x000001aa   0x00000006   Code   RO         4564    .ARM.Collect$$_printf_percent$$0000000E  c_w.l(_printf_lld.o)
    0x000001b0   0x00000006   Code   RO         4565    .ARM.Collect$$_printf_percent$$0000000F  c_w.l(_printf_llu.o)
    0x000001b6   0x00000006   Code   RO         4570    .ARM.Collect$$_printf_percent$$00000010  c_w.l(_printf_llo.o)
    0x000001bc   0x00000006   Code   RO         4571    .ARM.Collect$$_printf_percent$$00000011  c_w.l(_printf_llx.o)
    0x000001c2   0x0000000a   Code   RO         4567    .ARM.Collect$$_printf_percent$$00000012  c_w.l(_printf_l.o)
    0x000001cc   0x00000006   Code   RO         4550    .ARM.Collect$$_printf_percent$$00000013  c_w.l(_printf_c.o)
    0x000001d2   0x00000006   Code   RO         4551    .ARM.Collect$$_printf_percent$$00000014  c_w.l(_printf_s.o)
    0x000001d8   0x00000006   Code   RO         4568    .ARM.Collect$$_printf_percent$$00000015  c_w.l(_printf_lc.o)
    0x000001de   0x00000006   Code   RO         4569    .ARM.Collect$$_printf_percent$$00000016  c_w.l(_printf_ls.o)
    0x000001e4   0x00000004   Code   RO         4562    .ARM.Collect$$_printf_percent$$00000017  c_w.l(_printf_percent_end.o)
    0x000001e8   0x00000002   Code   RO         4966    .ARM.Collect$$libinit$$00000000  c_w.l(libinit.o)
    0x000001ea   0x00000004   Code   RO         4622    .ARM.Collect$$libinit$$00000001  c_w.l(libinit2.o)
    0x000001ee   0x00000000   Code   RO         4625    .ARM.Collect$$libinit$$00000004  c_w.l(libinit2.o)
    0x000001ee   0x00000008   Code   RO         4626    .ARM.Collect$$libinit$$00000005  c_w.l(libinit2.o)
    0x000001f6   0x00000000   Code   RO         4628    .ARM.Collect$$libinit$$0000000A  c_w.l(libinit2.o)
    0x000001f6   0x00000000   Code   RO         4630    .ARM.Collect$$libinit$$0000000C  c_w.l(libinit2.o)
    0x000001f6   0x00000004   Code   RO         4631    .ARM.Collect$$libinit$$0000000D  c_w.l(libinit2.o)
    0x000001fa   0x00000000   Code   RO         4632    .ARM.Collect$$libinit$$0000000E  c_w.l(libinit2.o)
    0x000001fa   0x00000006   Code   RO         4633    .ARM.Collect$$libinit$$0000000F  c_w.l(libinit2.o)
    0x00000200   0x00000000   Code   RO         4635    .ARM.Collect$$libinit$$00000011  c_w.l(libinit2.o)
    0x00000200   0x0000000c   Code   RO         4636    .ARM.Collect$$libinit$$00000012  c_w.l(libinit2.o)
    0x0000020c   0x00000000   Code   RO         4637    .ARM.Collect$$libinit$$00000013  c_w.l(libinit2.o)
    0x0000020c   0x00000000   Code   RO         4639    .ARM.Collect$$libinit$$00000015  c_w.l(libinit2.o)
    0x0000020c   0x0000000a   Code   RO         4640    .ARM.Collect$$libinit$$00000016  c_w.l(libinit2.o)
    0x00000216   0x00000000   Code   RO         4641    .ARM.Collect$$libinit$$00000017  c_w.l(libinit2.o)
    0x00000216   0x00000000   Code   RO         4643    .ARM.Collect$$libinit$$00000019  c_w.l(libinit2.o)
    0x00000216   0x00000000   Code   RO         4645    .ARM.Collect$$libinit$$0000001B  c_w.l(libinit2.o)
    0x00000216   0x00000000   Code   RO         4647    .ARM.Collect$$libinit$$0000001D  c_w.l(libinit2.o)
    0x00000216   0x00000000   Code   RO         4649    .ARM.Collect$$libinit$$0000001F  c_w.l(libinit2.o)
    0x00000216   0x00000000   Code   RO         4651    .ARM.Collect$$libinit$$00000021  c_w.l(libinit2.o)
    0x00000216   0x00000000   Code   RO         4653    .ARM.Collect$$libinit$$00000023  c_w.l(libinit2.o)
    0x00000216   0x00000004   Code   RO         4654    .ARM.Collect$$libinit$$00000024  c_w.l(libinit2.o)
    0x0000021a   0x00000000   Code   RO         4655    .ARM.Collect$$libinit$$00000025  c_w.l(libinit2.o)
    0x0000021a   0x00000000   Code   RO         4659    .ARM.Collect$$libinit$$0000002C  c_w.l(libinit2.o)
    0x0000021a   0x00000000   Code   RO         4661    .ARM.Collect$$libinit$$0000002E  c_w.l(libinit2.o)
    0x0000021a   0x00000000   Code   RO         4663    .ARM.Collect$$libinit$$00000030  c_w.l(libinit2.o)
    0x0000021a   0x00000004   Code   RO         4664    .ARM.Collect$$libinit$$00000031  c_w.l(libinit2.o)
    0x0000021e   0x00000000   Code   RO         4665    .ARM.Collect$$libinit$$00000032  c_w.l(libinit2.o)
    0x0000021e   0x00000002   Code   RO         4666    .ARM.Collect$$libinit$$00000033  c_w.l(libinit2.o)
    0x00000220   0x00000000   Code   RO         4853    .ARM.Collect$$libshutdown$$00000002  c_w.l(libshutdown2.o)
    0x00000220   0x00000000   Code   RO         4855    .ARM.Collect$$libshutdown$$00000004  c_w.l(libshutdown2.o)
    0x00000220   0x00000000   Code   RO         4483    .ARM.Collect$$rtentry$$00000000  c_w.l(__rtentry.o)
    0x00000220   0x00000000   Code   RO         4745    .ARM.Collect$$rtentry$$00000002  c_w.l(__rtentry2.o)
    0x00000220   0x00000006   Code   RO         4757    .ARM.Collect$$rtentry$$00000004  c_w.l(__rtentry4.o)
    0x00000226   0x00000000   Code   RO         4747    .ARM.Collect$$rtentry$$00000009  c_w.l(__rtentry2.o)
    0x00000226   0x00000004   Code   RO         4748    .ARM.Collect$$rtentry$$0000000A  c_w.l(__rtentry2.o)
    0x0000022a   0x00000000   Code   RO         4750    .ARM.Collect$$rtentry$$0000000C  c_w.l(__rtentry2.o)
    0x0000022a   0x00000008   Code   RO         4751    .ARM.Collect$$rtentry$$0000000D  c_w.l(__rtentry2.o)
    0x00000232   0x00000002   PAD
    0x00000234   0x00000034   Code   RO         4296    .emb_text           c_w.l(rand.o)
    0x00000268   0x00000000   Code   RO         4768    .emb_text           c_w.l(maybetermalloc1.o)
    0x00000268   0x00000024   Code   RO          689    .text               startup_lpc407x_8x_177x_8x.o
    0x0000028c   0x0000005e   Code   RO         4143    .text               c_w.l(h1_alloc.o)
    0x000002ea   0x0000000a   Code   RO         4201    .text               c_w.l(vfprintf.o)
    0x000002f4   0x00000008   Code   RO         4484    .text               c_w.l(rt_heap_descriptor.o)
    0x000002fc   0x00000004   Code   RO          688    .ARM.__at_0x02FC    startup_lpc407x_8x_177x_8x.o
    0x00000300   0x0000004e   Code   RO         4145    .text               c_w.l(h1_free.o)
    0x0000034e   0x0000000a   Code   RO         4203    .text               c_w.l(c89vfprintf.o)
    0x00000358   0x0000002c   Code   RO         4205    .text               c_w.l(__2sprintf.o)
    0x00000384   0x00000094   Code   RO         4229    .text               c_w.l(_printf_hex_int_ll_ptr.o)
    0x00000418   0x00000188   Code   RO         4249    .text               c_w.l(__printf_flags_ss_wp.o)
    0x000005a0   0x0000003c   Code   RO         4256    .text               c_w.l(__0sscanf.o)
    0x000005dc   0x0000014c   Code   RO         4258    .text               c_w.l(_scanf_int.o)
    0x00000728   0x00000064   Code   RO         4260    .text               c_w.l(fflush.o)
    0x0000078c   0x000000ec   Code   RO         4274    .text               c_w.l(fopen.o)
    0x00000878   0x00000014   Code   RO         4276    .text               c_w.l(setbuf.o)
    0x0000088c   0x0000004c   Code   RO         4284    .text               c_w.l(fclose.o)
    0x000008d8   0x0000003c   Code   RO         4297    .text               c_w.l(rand.o)
    0x00000914   0x0000002e   Code   RO         4304    .text               c_w.l(aeabi_atexit.o)
    0x00000942   0x0000003e   Code   RO         4307    .text               c_w.l(strlen.o)
    0x00000980   0x00000096   Code   RO         4309    .text               c_w.l(strncmp.o)
    0x00000a16   0x00000044   Code   RO         4313    .text               c_w.l(rt_memclr.o)
    0x00000a5a   0x0000004e   Code   RO         4315    .text               c_w.l(rt_memclr_w.o)
    0x00000aa8   0x00000080   Code   RO         4319    .text               c_w.l(strcmpv7m.o)
    0x00000b28   0x00000024   Code   RO         4326    .text               c_w.l(init_aeabi.o)
    0x00000b4c   0x00000008   Code   RO         4489    .text               c_w.l(rt_new_handler_addr.o)
    0x00000b54   0x00000008   Code   RO         4494    .text               c_w.l(rt_ddtor_pointer_addr.o)
    0x00000b5c   0x00000004   Code   RO         4499    .text               c_w.l(hguard.o)
    0x00000b60   0x0000008a   Code   RO         4501    .text               c_w.l(init_alloc.o)
    0x00000bea   0x0000000e   Code   RO         4505    .text               c_w.l(h1_init.o)
    0x00000bf8   0x00000016   Code   RO         4519    .text               c_w.l(_rserrno.o)
    0x00000c0e   0x0000004e   Code   RO         4521    .text               c_w.l(_printf_pad.o)
    0x00000c5c   0x00000024   Code   RO         4523    .text               c_w.l(_printf_truncate.o)
    0x00000c80   0x00000052   Code   RO         4525    .text               c_w.l(_printf_str.o)
    0x00000cd2   0x000000b2   Code   RO         4527    .text               c_w.l(_printf_intcommon.o)
    0x00000d84   0x00000078   Code   RO         4529    .text               c_w.l(_printf_dec.o)
    0x00000dfc   0x00000028   Code   RO         4531    .text               c_w.l(_printf_charcount.o)
    0x00000e24   0x00000030   Code   RO         4533    .text               c_w.l(_printf_char_common.o)
    0x00000e54   0x0000000a   Code   RO         4535    .text               c_w.l(_sputc.o)
    0x00000e5e   0x00000002   PAD
    0x00000e60   0x00000024   Code   RO         4537    .text               c_w.l(_printf_char_file.o)
    0x00000e84   0x000000bc   Code   RO         4539    .text               c_w.l(_printf_wctomb.o)
    0x00000f40   0x0000007c   Code   RO         4542    .text               c_w.l(_printf_longlong_dec.o)
    0x00000fbc   0x00000070   Code   RO         4548    .text               c_w.l(_printf_oct_int_ll.o)
    0x0000102c   0x0000001c   Code   RO         4572    .text               c_w.l(_chval.o)
    0x00001048   0x0000002c   Code   RO         4578    .text               c_w.l(scanf_char.o)
    0x00001074   0x00000040   Code   RO         4580    .text               c_w.l(_sgetc.o)
    0x000010b4   0x00000008   Code   RO         4590    .text               c_w.l(ferror.o)
    0x000010bc   0x000001d6   Code   RO         4594    .text               c_w.l(flsbuf.o)
    0x00001292   0x00000002   PAD
    0x00001294   0x000000f8   Code   RO         4596    .text               c_w.l(fseek.o)
    0x0000138c   0x00000046   Code   RO         4598    .text               c_w.l(setvbuf.o)
    0x000013d2   0x00000002   PAD
    0x000013d4   0x000000f0   Code   RO         4600    .text               c_w.l(stdio.o)
    0x000014c4   0x00000138   Code   RO         4603    .text               c_w.l(initio.o)
    0x000015fc   0x00000042   Code   RO         4611    .text               c_w.l(cxa_finalize.o)
    0x0000163e   0x0000000e   Code   RO         4614    .text               c_w.l(defsig_pvfn_outer.o)
    0x0000164c   0x00000004   Code   RO         4674    .text               cpprt_w.l(arm_newhandler_noexceptions.o)
    0x00001650   0x00000008   Code   RO         4761    .text               c_w.l(rt_errno_addr.o)
    0x00001658   0x00000034   Code   RO         4770    .text               c_w.l(h1_extend.o)
    0x0000168c   0x0000008a   Code   RO         4774    .text               c_w.l(lludiv10.o)
    0x00001716   0x00000012   Code   RO         4776    .text               c_w.l(isspace.o)
    0x00001728   0x0000041a   Code   RO         4778    .text               c_w.l(_printf_fp_dec.o)
    0x00001b42   0x00000002   PAD
    0x00001b44   0x000002fc   Code   RO         4780    .text               c_w.l(_printf_fp_hex.o)
    0x00001e40   0x0000002c   Code   RO         4785    .text               c_w.l(_printf_char.o)
    0x00001e6c   0x0000002c   Code   RO         4789    .text               c_w.l(_printf_wchar.o)
    0x00001e98   0x00000374   Code   RO         4791    .text               c_w.l(_scanf.o)
    0x0000220c   0x00000042   Code   RO         4801    .text               c_w.l(ftell.o)
    0x0000224e   0x00000040   Code   RO         4827    .text               c_w.l(_wcrtomb.o)
    0x0000228e   0x0000000a   Code   RO         4829    .text               c_w.l(defsig_exit.o)
    0x00002298   0x0000000e   Code   RO         4831    .text               c_w.l(defsig_rtred_outer.o)
    0x000022a6   0x0000000e   Code   RO         4835    .text               c_w.l(defsig_rtmem_outer.o)
    0x000022b4   0x00000030   Code   RO         4839    .text               c_w.l(defsig_pvfn_inner.o)
    0x000022e4   0x00000008   Code   RO         4848    .text               c_w.l(heapauxmm.o)
    0x000022ec   0x0000001a   Code   RO         4888    .text               cpprt_w.l(arm_exceptions_terminate.o)
    0x00002306   0x00000002   PAD
    0x00002308   0x00000050   Code   RO         4891    .text               cpprt_w.l(arm_exceptions_globs.o)
    0x00002358   0x0000000c   Code   RO         4899    .text               c_w.l(sys_exit.o)
    0x00002364   0x00000010   Code   RO         4901    .text               c_w.l(rt_ctype_table.o)
    0x00002374   0x00000008   Code   RO         4903    .text               c_w.l(rt_locale.o)
    0x0000237c   0x00000008   Code   RO         4908    .text               c_w.l(rt_eh_globals_addr.o)
    0x00002384   0x00000080   Code   RO         4915    .text               c_w.l(_printf_fp_infnan.o)
    0x00002404   0x000000dc   Code   RO         4917    .text               c_w.l(bigflt0.o)
    0x000024e0   0x00000016   Code   RO         4947    .text               c_w.l(abort.o)
    0x000024f6   0x00000032   Code   RO         4951    .text               c_w.l(defsig_general.o)
    0x00002528   0x00000034   Code   RO         4953    .text               c_w.l(defsig_rtred_inner.o)
    0x0000255c   0x00000050   Code   RO         4955    .text               c_w.l(defsig_rtmem_inner.o)
    0x000025ac   0x0000003c   Code   RO         4970    .text               cpprt_w.l(arm_exceptions_mem.o)
    0x000025e8   0x0000000e   Code   RO         5001    .text               c_w.l(sys_wrch.o)
    0x000025f6   0x00000002   Code   RO         5003    .text               c_w.l(use_no_semi.o)
    0x000025f8   0x00000000   Code   RO         5005    .text               c_w.l(indicate_semi.o)
    0x000025f8   0x0000000e   Code   RO         5019    .text               c_w.l(defsig_abrt_outer.o)
    0x00002606   0x00000002   PAD
    0x00002608   0x00000030   Code   RO         5037    .text               c_w.l(defsig_abrt_inner.o)
    0x00002638   0x0000003e   Code   RO         4920    CL$$btod_d2e        c_w.l(btod.o)
    0x00002676   0x00000046   Code   RO         4922    CL$$btod_d2e_denorm_low  c_w.l(btod.o)
    0x000026bc   0x00000060   Code   RO         4921    CL$$btod_d2e_norm_op1  c_w.l(btod.o)
    0x0000271c   0x00000338   Code   RO         4930    CL$$btod_div_common  c_w.l(btod.o)
    0x00002a54   0x000000c6   Code   RO         4927    CL$$btod_e2e        c_w.l(btod.o)
    0x00002b1a   0x00000028   Code   RO         4924    CL$$btod_ediv       c_w.l(btod.o)
    0x00002b42   0x00000028   Code   RO         4923    CL$$btod_emul       c_w.l(btod.o)
    0x00002b6a   0x00000244   Code   RO         4929    CL$$btod_mult_common  c_w.l(btod.o)
    0x00002dae   0x00000010   Code   RO         2322    i.$Sub$$main        mbed.lib(retarget.o)
    0x00002dbe   0x00000002   PAD
    0x00002dc0   0x00000040   Code   RO          698    i.NVIC_SetVector    cmsis_nvic.o
    0x00002e00   0x000002d4   Code   RO          753    i.SystemCoreClockUpdate  system_lpc407x_8x_177x_8x.o
    0x000030d4   0x000000ec   Code   RO          754    i.SystemInit        system_lpc407x_8x_177x_8x.o
    0x000031c0   0x000004dc   Code   RO            3    i._Z10Accelaratev   main.o
    0x0000369c   0x00000248   Code   RO            4    i._Z10Decelaratev   main.o
    0x000038e4   0x00000138   Code   RO            5    i._Z10drawBannerv   main.o
    0x00003a1c   0x000000fc   Code   RO         3122    i._Z10sdram_initv   ebb.lib(sdram.o)
    0x00003b18   0x0000005c   Code   RO         3123    i._Z10sdram_testv   ebb.lib(sdram.o)
    0x00003b74   0x00000048   Code   RO         3124    i._Z11calibrationv  ebb.lib(sdram.o)
    0x00003bbc   0x00000040   Code   RO            6    i._Z11drawBulletsP12bulletStruct  main.o
    0x00003bfc   0x00000084   Code   RO         3125    i._Z11find_cmddlyv  ebb.lib(sdram.o)
    0x00003c80   0x00000020   Code   RO         2323    i._Z11init_serialv  mbed.lib(retarget.o)
    0x00003ca0   0x00000028   Code   RO         2820    i._Z11str_to_uintPcj  ebb.lib(ealcdboard.o)
    0x00003cc8   0x00000020   Code   RO          635    i._Z12radiansUtilsf  utils.o
    0x00003ce8   0x00000058   Code   RO         3126    i._Z13adjust_timingv  ebb.lib(sdram.o)
    0x00003d40   0x00000028   Code   RO            7    i._Z13bullet_systemv  main.o
    0x00003d68   0x00000040   Code   RO            8    i._Z13drawAsteroidsP14asteroidStruct  main.o
    0x00003da8   0x00000084   Code   RO         3127    i._Z13find_fbclkdlyv  ebb.lib(sdram.o)
    0x00003e2c   0x00000038   Code   RO            9    i._Z13jsPrsdAndRlsd7btnId_t  main.o
    0x00003e64   0x00000044   Code   RO           10    i._Z13strikeBulletsP12bulletStruct  main.o
    0x00003ea8   0x00000094   Code   RO           11    i._Z13updateBulletsP12bulletStruct  main.o
    0x00003f3c   0x00000120   Code   RO           12    i._Z14drawPlayerShipv  main.o
    0x0000405c   0x0000001c   Code   RO          581    i._Z15allocnodeBulletv  nodeheap.o
    0x00004078   0x00000028   Code   RO           13    i._Z15asteroid_systemv  main.o
    0x000040a0   0x0000019c   Code   RO           14    i._Z15strikeAsteroidsP14asteroidStruct  main.o
    0x0000423c   0x00000174   Code   RO           15    i._Z15updateAsteroidsP14asteroidStruct  main.o
    0x000043b0   0x0000001c   Code   RO          582    i._Z17allocnodeAsteroidv  nodeheap.o
    0x000043cc   0x0000000c   Code   RO           16    i._Z18updateAllPositionsv  main.o
    0x000043d8   0x0000002c   Code   RO           17    i._Z19swap_double_buffersv  main.o
    0x00004404   0x00000010   Code   RO          583    i._Z20freenodeBulletStructP12bulletStruct  nodeheap.o
    0x00004414   0x00000020   Code   RO           18    i._Z21init_double_bufferingv  main.o
    0x00004434   0x00000040   Code   RO          584    i._Z21initialise_bulletHeapv  nodeheap.o
    0x00004474   0x00000010   Code   RO          585    i._Z22freenodeAsteroidStructP14asteroidStruct  nodeheap.o
    0x00004484   0x00000040   Code   RO          586    i._Z23initialise_asteroidHeapv  nodeheap.o
    0x000044c4   0x00000034   Code   RO           19    i._Z24InitialiseStartingBannerv  main.o
    0x000044f8   0x00000050   Code   RO           20    i._Z4drawv          main.o
    0x00004548   0x00000024   Code   RO           21    i._Z6jsPrsd7btnId_t  main.o
    0x0000456c   0x00000084   Code   RO           22    i._Z7Scoringv       main.o
    0x000045f0   0x000003f4   Code   RO           24    i._Z8Rotationf      main.o
    0x000049e4   0x00000098   Code   RO           25    i._Z8controlsv      main.o
    0x00004a7c   0x0000002c   Code   RO           26    i._Z9StartGamev     main.o
    0x00004aa8   0x00000354   Code   RO         3129    i._Z9pinConfigv     ebb.lib(sdram.o)
    0x00004dfc   0x0000000a   Code   RO         2821    i._Z9port_pin28PortNamei  ebb.lib(ealcdboard.o)
    0x00004e06   0x00000018   Code   RO           27    i._Z9randrangeii    main.o
    0x00004e1e   0x0000007e   Code   RO         2822    i._ZN10EaLcdBoard10eepromReadEPhtt  ebb.lib(ealcdboard.o)
    0x00004e9c   0x000000dc   Code   RO         2823    i._ZN10EaLcdBoard10execPinSetEPcj  ebb.lib(ealcdboard.o)
    0x00004f78   0x00000058   Code   RO         2824    i._ZN10EaLcdBoard10getInitSeqEPci  ebb.lib(ealcdboard.o)
    0x00004fd0   0x00000084   Code   RO         2826    i._ZN10EaLcdBoard11execSeqCtrlEPcj  ebb.lib(ealcdboard.o)
    0x00005054   0x00000020   Code   RO         2827    i._ZN10EaLcdBoard11set5VSignalEb  ebb.lib(ealcdboard.o)
    0x00005074   0x0000003e   Code   RO         2828    i._ZN10EaLcdBoard11setLsStatesEtPhh  ebb.lib(ealcdboard.o)
    0x000050b2   0x00000022   Code   RO         2829    i._ZN10EaLcdBoard12checkVersionEPcj  ebb.lib(ealcdboard.o)
    0x000050d4   0x000000dc   Code   RO         2830    i._ZN10EaLcdBoard12getLcdConfigEPN13LcdController6ConfigE  ebb.lib(ealcdboard.o)
    0x000051b0   0x00000020   Code   RO         2831    i._ZN10EaLcdBoard12set3V3SignalEb  ebb.lib(ealcdboard.o)
    0x000051d0   0x00000044   Code   RO         2834    i._ZN10EaLcdBoard14setFrameBufferEj  ebb.lib(ealcdboard.o)
    0x00005214   0x000000be   Code   RO         2836    i._ZN10EaLcdBoard15parseInitStringEPcPN13LcdController6ConfigE  ebb.lib(ealcdboard.o)
    0x000052d2   0x0000002c   Code   RO         2837    i._ZN10EaLcdBoard15pca9532_setLedsEtt  ebb.lib(ealcdboard.o)
    0x000052fe   0x0000002e   Code   RO         2841    i._ZN10EaLcdBoard20setBacklightContrastEj  ebb.lib(ealcdboard.o)
    0x0000532c   0x00000036   Code   RO         2842    i._ZN10EaLcdBoard21pca9532_setBlink0DutyEh  ebb.lib(ealcdboard.o)
    0x00005362   0x00000018   Code   RO         2843    i._ZN10EaLcdBoard21pca9532_setBlink0LedsEt  ebb.lib(ealcdboard.o)
    0x0000537a   0x00000020   Code   RO         2844    i._ZN10EaLcdBoard22setDisplayEnableSignalEb  ebb.lib(ealcdboard.o)
    0x0000539a   0x00000022   Code   RO         2845    i._ZN10EaLcdBoard23pca9532_setBlink0PeriodEh  ebb.lib(ealcdboard.o)
    0x000053bc   0x0000004c   Code   RO         2846    i._ZN10EaLcdBoard4openEPN13LcdController6ConfigEPc  ebb.lib(ealcdboard.o)
    0x00005408   0x0000006c   Code   RO         2848    i._ZN10EaLcdBoard7setLedsEv  ebb.lib(ealcdboard.o)
    0x00005474   0x00000028   Code   RO         2849    i._ZN10EaLcdBoard8getStoreEPNS_7store_tE  ebb.lib(ealcdboard.o)
    0x0000549c   0x0000001e   Code   RO         2850    i._ZN10EaLcdBoard9execDelayEPcj  ebb.lib(ealcdboard.o)
    0x000054ba   0x00000002   PAD
    0x000054bc   0x00000044   Code   RO         2851    i._ZN10EaLcdBoardC1E7PinNameS0_  ebb.lib(ealcdboard.o)
    0x00005500   0x0000006e   Code   RO         1339    i._ZN12Adafruit_GFX10drawBitmapEssPKhsst  ebb.lib(adafruit_gfx.o)
    0x0000556e   0x00000040   Code   RO         1341    i._ZN12Adafruit_GFX10fillCircleEssst  ebb.lib(adafruit_gfx.o)
    0x000055ae   0x0000000e   Code   RO         1345    i._ZN12Adafruit_GFX11setTextSizeEh  ebb.lib(adafruit_gfx.o)
    0x000055bc   0x00000004   Code   RO         1346    i._ZN12Adafruit_GFX11setTextWrapEb  ebb.lib(adafruit_gfx.o)
    0x000055c0   0x000001b8   Code   RO         1348    i._ZN12Adafruit_GFX12fillTriangleEsssssst  ebb.lib(adafruit_gfx.o)
    0x00005778   0x00000006   Code   RO         1349    i._ZN12Adafruit_GFX12setTextColorEt  ebb.lib(adafruit_gfx.o)
    0x0000577e   0x0000002c   Code   RO         1351    i._ZN12Adafruit_GFX13drawFastHLineEssst  ebb.lib(adafruit_gfx.o)
    0x000057aa   0x0000002e   Code   RO         1352    i._ZN12Adafruit_GFX13drawFastVLineEssst  ebb.lib(adafruit_gfx.o)
    0x000057d8   0x000000f6   Code   RO         1357    i._ZN12Adafruit_GFX16fillCircleHelperEssshst  ebb.lib(adafruit_gfx.o)
    0x000058ce   0x00000008   Code   RO         1358    i._ZN12Adafruit_GFX5widthEv  ebb.lib(adafruit_gfx.o)
    0x000058d6   0x0000007a   Code   RO         1359    i._ZN12Adafruit_GFX5writeEh  ebb.lib(adafruit_gfx.o)
    0x00005950   0x00000008   Code   RO         1360    i._ZN12Adafruit_GFX6heightEv  ebb.lib(adafruit_gfx.o)
    0x00005958   0x00000104   Code   RO         1361    i._ZN12Adafruit_GFX8drawCharEsshtth  ebb.lib(adafruit_gfx.o)
    0x00005a5c   0x000000dc   Code   RO         1362    i._ZN12Adafruit_GFX8drawLineEsssst  ebb.lib(adafruit_gfx.o)
    0x00005b38   0x00000036   Code   RO         1364    i._ZN12Adafruit_GFX8fillRectEsssst  ebb.lib(adafruit_gfx.o)
    0x00005b6e   0x00000006   Code   RO         1365    i._ZN12Adafruit_GFX9setCursorEss  ebb.lib(adafruit_gfx.o)
    0x00005b74   0x00000030   Code   RO         1366    i._ZN12Adafruit_GFXC2Ess  ebb.lib(adafruit_gfx.o)
    0x00005ba4   0x00000018   Code   RO         3881    i._ZN13LcdController14setFrameBufferEj  ebb.lib(lcdcontroller.o)
    0x00005bbc   0x0000003c   Code   RO         3882    i._ZN13LcdController15getClockDivisorEi  ebb.lib(lcdcontroller.o)
    0x00005bf8   0x000001c0   Code   RO         3883    i._ZN13LcdController4initEPNS_6ConfigE  ebb.lib(lcdcontroller.o)
    0x00005db8   0x00000048   Code   RO         3884    i._ZN13LcdController4openEPNS_6ConfigE  ebb.lib(lcdcontroller.o)
    0x00005e00   0x00000060   Code   RO         1849    i._ZN13LcdController6ConfigC1EiiiiiiiibbbbiNS_12BitsPerPixelEiNS_8LcdPanelEb  ebb.lib(display.o)
    0x00005e60   0x00000044   Code   RO         3886    i._ZN13LcdController8setPowerEb  ebb.lib(lcdcontroller.o)
    0x00005ea4   0x0000015c   Code   RO         3887    i._ZN13LcdController9pinConfigEv  ebb.lib(lcdcontroller.o)
    0x00006000   0x00000006   Code   RO         3888    i._ZN13LcdControllerC1Ev  ebb.lib(lcdcontroller.o)
    0x00006006   0x00000020   Code   RO         2600    i._ZN14EaLcdBoardGPIO11set5VSignalEb  ebb.lib(ealcdboardgpio.o)
    0x00006026   0x00000020   Code   RO         2601    i._ZN14EaLcdBoardGPIO12set3V3SignalEb  ebb.lib(ealcdboardgpio.o)
    0x00006046   0x00000002   Code   RO         2602    i._ZN14EaLcdBoardGPIO15setWriteProtectEb  ebb.lib(ealcdboardgpio.o)
    0x00006048   0x0000005c   Code   RO         2603    i._ZN14EaLcdBoardGPIO20setBacklightContrastEj  ebb.lib(ealcdboardgpio.o)
    0x000060a4   0x00000038   Code   RO         2604    i._ZN14EaLcdBoardGPIO22setDisplayEnableSignalEb  ebb.lib(ealcdboardgpio.o)
    0x000060dc   0x0000009c   Code   RO         2605    i._ZN14EaLcdBoardGPIOC1E7PinNameS0_  ebb.lib(ealcdboardgpio.o)
    0x00006178   0x0000001a   Code   RO         2654    i._ZN4mbed10DigitalOutC1E7PinName  ebb.lib(ealcdboardgpio.o)
    0x00006192   0x00000002   PAD
    0x00006194   0x0000005c   Code   RO         2648    i._ZN4mbed10DigitalOutaSEi  ebb.lib(ealcdboardgpio.o)
    0x000061f0   0x0000003a   Code   RO         2197    i._ZN4mbed10FileHandle4flenEv  mbed.lib(filelike.o)
    0x0000622a   0x00000010   Code   RO         1281    i._ZN4mbed10TimerEvent3irqEj  mbed.lib(timerevent.o)
    0x0000623a   0x00000014   Code   RO         1282    i._ZN4mbed10TimerEvent6insertEj  mbed.lib(timerevent.o)
    0x0000624e   0x0000000e   Code   RO         1283    i._ZN4mbed10TimerEvent6removeEv  mbed.lib(timerevent.o)
    0x0000625c   0x0000002c   Code   RO         1285    i._ZN4mbed10TimerEventC2Ev  mbed.lib(timerevent.o)
    0x00006288   0x00000018   Code   RO         1287    i._ZN4mbed10TimerEventD2Ev  mbed.lib(timerevent.o)
    0x000062a0   0x0000000e   Code   RO         2326    i._ZN4mbed26mbed_set_unbuffered_streamEPSt6__FILE  mbed.lib(retarget.o)
    0x000062ae   0x0000003a   Code   RO         3503    i._ZN4mbed3I2C4readEiPcib  mbed.lib(i2c.o)
    0x000062e8   0x0000003a   Code   RO         3507    i._ZN4mbed3I2C5writeEiPKcib  mbed.lib(i2c.o)
    0x00006322   0x00000002   PAD
    0x00006324   0x00000020   Code   RO         3508    i._ZN4mbed3I2C6aquireEv  mbed.lib(i2c.o)
    0x00006344   0x0000002c   Code   RO         3510    i._ZN4mbed3I2CC1E7PinNameS1_  mbed.lib(i2c.o)
    0x00006370   0x00000006   Code   RO         1001    i._ZN4mbed6Stream4flenEv  mbed.lib(stream.o)
    0x00006376   0x00000006   Code   RO         1007    i._ZN4mbed6Stream5closeEv  mbed.lib(stream.o)
    0x0000637c   0x00000006   Code   RO         1009    i._ZN4mbed6Stream5lseekEli  mbed.lib(stream.o)
    0x00006382   0x00000030   Code   RO         1011    i._ZN4mbed6Stream5writeEPKvj  mbed.lib(stream.o)
    0x000063b2   0x00000006   Code   RO         1012    i._ZN4mbed6Stream6isattyEv  mbed.lib(stream.o)
    0x000063b8   0x00000028   Code   RO         1013    i._ZN4mbed6Stream6printfEPKcz  mbed.lib(stream.o)
    0x000063e0   0x00000048   Code   RO         1014    i._ZN4mbed6StreamC2EPKc  mbed.lib(stream.o)
    0x00006428   0x00000022   Code   RO         1215    i._ZN4mbed6Ticker5setupEj  mbed.lib(ticker.o)
    0x0000644a   0x00000002   PAD
    0x0000644c   0x0000003c   Code   RO          213    i._ZN4mbed6Ticker6attachEPFvvEf  main.o
    0x00006488   0x00000016   Code   RO         1216    i._ZN4mbed6Ticker6detachEv  mbed.lib(ticker.o)
    0x0000649e   0x00000038   Code   RO         1217    i._ZN4mbed6Ticker7handlerEv  mbed.lib(ticker.o)
    0x000064d6   0x00000002   PAD
    0x000064d8   0x0000002c   Code   RO          219    i._ZN4mbed6TickerC1Ev  main.o
    0x00006504   0x00000020   Code   RO          249    i._ZN4mbed6TickerD1Ev  main.o
    0x00006524   0x00000006   Code   RO         3233    i._ZN4mbed8FileBase11getPathTypeEv  mbed.lib(filebase.o)
    0x0000652a   0x00000002   PAD
    0x0000652c   0x00000038   Code   RO         3235    i._ZN4mbed8FileBase6lookupEPKcj  mbed.lib(filebase.o)
    0x00006564   0x00000028   Code   RO         3237    i._ZN4mbed8FileBaseC1EPKcNS_8PathTypeE  mbed.lib(filebase.o)
    0x0000658c   0x0000002c   Code   RO         2165    i._ZN4mbed8FileLikeC2EPKc  mbed.lib(filelike.o)
    0x000065b8   0x00000014   Code   RO         3298    i._ZN4mbed8FilePath10fileSystemEv  mbed.lib(filepath.o)
    0x000065cc   0x0000001c   Code   RO         3299    i._ZN4mbed8FilePath12isFileSystemEv  mbed.lib(filepath.o)
    0x000065e8   0x0000001e   Code   RO         3300    i._ZN4mbed8FilePath4fileEv  mbed.lib(filepath.o)
    0x00006606   0x0000000e   Code   RO         3301    i._ZN4mbed8FilePath6existsEv  mbed.lib(filepath.o)
    0x00006614   0x0000001c   Code   RO         3302    i._ZN4mbed8FilePath6isFileEv  mbed.lib(filepath.o)
    0x00006630   0x00000006   Code   RO         3303    i._ZN4mbed8FilePath8fileNameEv  mbed.lib(filepath.o)
    0x00006636   0x00000056   Code   RO         3304    i._ZN4mbed8FilePathC1EPKc  mbed.lib(filepath.o)
    0x0000668c   0x0000004c   Code   RO          207    i._ZN4mbed9DigitalIn4readEv  main.o
    0x000066d8   0x0000001a   Code   RO          243    i._ZN4mbed9DigitalInC1E7PinName  main.o
    0x000066f2   0x00000026   Code   RO         3052    i._ZN5GFXFb10fillScreenEt  ebb.lib(gfxfb.o)
    0x00006718   0x00000062   Code   RO         3054    i._ZN5GFXFb13drawFastHLineEssst  ebb.lib(gfxfb.o)
    0x0000677a   0x00000068   Code   RO         3055    i._ZN5GFXFb13drawFastVLineEssst  ebb.lib(gfxfb.o)
    0x000067e2   0x00000046   Code   RO         3058    i._ZN5GFXFb9drawPixelEsst  ebb.lib(gfxfb.o)
    0x00006828   0x00000028   Code   RO         3059    i._ZN5GFXFbC1EttPt  ebb.lib(gfxfb.o)
    0x00006850   0x0000003c   Code   RO         1792    i._ZN7Display10theDisplayEv  ebb.lib(display.o)
    0x0000688c   0x00000014   Code   RO         1794    i._ZN7Display5_putcEi  ebb.lib(display.o)
    0x000068a0   0x00000150   Code   RO         1796    i._ZN7DisplayC1Ev   ebb.lib(display.o)
    0x000069f0   0x00000018   Code   RO          225    i._ZSt3cosf         main.o
    0x00006a08   0x00000018   Code   RO          231    i._ZSt3sinf         main.o
    0x00006a20   0x00000028   Code   RO         4332    i._Znwj             cpprt_w.l(new.o)
    0x00006a48   0x00000030   Code   RO         4991    i.__ARM_fpclassify  m_wm.l(fpclassify.o)
    0x00006a78   0x00000026   Code   RO         4722    i.__ARM_fpclassifyf  m_wm.l(fpclassifyf.o)
    0x00006a9e   0x00000010   Code   RO         4339    i.__cxa_guard_acquire  cpprt_w.l(cxa_guard_acquire.o)
    0x00006aae   0x00000006   Code   RO         4336    i.__cxa_pure_virtual  cpprt_w.l(pure_virt.o)
    0x00006ab4   0x00000150   Code   RO         4457    i.__hardfp_cosf     m_wm.l(cosf.o)
    0x00006c04   0x00000190   Code   RO         4469    i.__hardfp_sinf     m_wm.l(sinf.o)
    0x00006d94   0x00000006   Code   RO         4725    i.__mathlib_flt_infnan  m_wm.l(funder.o)
    0x00006d9a   0x00000002   PAD
    0x00006d9c   0x00000010   Code   RO         4727    i.__mathlib_flt_invalid  m_wm.l(funder.o)
    0x00006dac   0x00000010   Code   RO         4730    i.__mathlib_flt_underflow  m_wm.l(funder.o)
    0x00006dbc   0x00000154   Code   RO         4738    i.__mathlib_rredf2  m_wm.l(rredf.o)
    0x00006f10   0x00000006   Code   RO         3130    i.__reserved_stack_size  ebb.lib(sdram.o)
    0x00006f16   0x00000002   PAD
    0x00006f18   0x00000044   Code   RO         3131    i.__rt_heap_extend  ebb.lib(sdram.o)
    0x00006f5c   0x000000d0   Code   RO           28    i.__sti___8_main_cpp_lcd  main.o
    0x0000702c   0x00000030   Code   RO          789    i.__user_setup_stackheap  sys.o
    0x0000705c   0x00000026   Code   RO          848    i._gpio_init_in     mbed.lib(gpio.o)
    0x00007082   0x00000034   Code   RO          849    i._gpio_init_out    mbed.lib(gpio.o)
    0x000070b6   0x0000000e   Code   RO         4242    i._is_digit         c_w.l(__printf_wp.o)
    0x000070c4   0x00000030   Code   RO         2329    i._sys_close        mbed.lib(retarget.o)
    0x000070f4   0x0000002c   Code   RO         2332    i._sys_flen         mbed.lib(retarget.o)
    0x00007120   0x0000002c   Code   RO         2333    i._sys_istty        mbed.lib(retarget.o)
    0x0000714c   0x00000130   Code   RO         2334    i._sys_open         mbed.lib(retarget.o)
    0x0000727c   0x00000030   Code   RO         2336    i._sys_seek         mbed.lib(retarget.o)
    0x000072ac   0x00000064   Code   RO         2337    i._sys_write        mbed.lib(retarget.o)
    0x00007310   0x00000020   Code   RO         2046    i.error             mbed.lib(error.o)
    0x00007330   0x00000020   Code   RO         2339    i.exit              mbed.lib(retarget.o)
    0x00007350   0x00000050   Code   RO          755    i.fpu_init          system_lpc407x_8x_177x_8x.o
    0x000073a0   0x0000001a   Code   RO         4269    i.fputc             c_w.l(fputc.o)
    0x000073ba   0x00000002   PAD
    0x000073bc   0x00000008   Code   RO         2136    i.get_us_ticker_data  mbed.lib(us_ticker_api.o)
    0x000073c4   0x00000090   Code   RO         2230    i.gpio_dir          mbed.lib(gpio_api.o)
    0x00007454   0x00000038   Code   RO         2231    i.gpio_init         mbed.lib(gpio_api.o)
    0x0000748c   0x00000012   Code   RO          850    i.gpio_init_in      mbed.lib(gpio.o)
    0x0000749e   0x00000014   Code   RO          851    i.gpio_init_in_ex   mbed.lib(gpio.o)
    0x000074b2   0x00000012   Code   RO          853    i.gpio_init_out     mbed.lib(gpio.o)
    0x000074c4   0x00000016   Code   RO          854    i.gpio_init_out_ex  mbed.lib(gpio.o)
    0x000074da   0x00000012   Code   RO         2232    i.gpio_mode         mbed.lib(gpio_api.o)
    0x000074ec   0x00000070   Code   RO         2233    i.gpio_set          mbed.lib(gpio_api.o)
    0x0000755c   0x00000080   Code   RO          855    i.gpio_write        mbed.lib(gpio.o)
    0x000075dc   0x00000080   Code   RO         3853    i.gpio_write        mbed.lib(board.o)
    0x0000765c   0x00000016   Code   RO         4000    i.i2c_clear_SI      mbed.lib(i2c_api.o)
    0x00007672   0x00000018   Code   RO         4001    i.i2c_conclr        mbed.lib(i2c_api.o)
    0x0000768a   0x00000018   Code   RO         4002    i.i2c_conset        mbed.lib(i2c_api.o)
    0x000076a2   0x0000003e   Code   RO         4003    i.i2c_do_read       mbed.lib(i2c_api.o)
    0x000076e0   0x00000020   Code   RO         4004    i.i2c_do_write      mbed.lib(i2c_api.o)
    0x00007700   0x0000001c   Code   RO         4005    i.i2c_frequency     mbed.lib(i2c_api.o)
    0x0000771c   0x00000144   Code   RO         4006    i.i2c_init          mbed.lib(i2c_api.o)
    0x00007860   0x000000b0   Code   RO         4007    i.i2c_read          mbed.lib(i2c_api.o)
    0x00007910   0x00000048   Code   RO         4116    i.i2c_start         mbed.lib(i2c_api.o)
    0x00007958   0x00000008   Code   RO         4014    i.i2c_status        mbed.lib(i2c_api.o)
    0x00007960   0x00000040   Code   RO         4122    i.i2c_stop          mbed.lib(i2c_api.o)
    0x000079a0   0x00000028   Code   RO         4015    i.i2c_wait_SI       mbed.lib(i2c_api.o)
    0x000079c8   0x00000082   Code   RO         4016    i.i2c_write         mbed.lib(i2c_api.o)
    0x00007a4a   0x00000002   PAD
    0x00007a4c   0x00000064   Code   RO           29    i.main              main.o
    0x00007ab0   0x0000004c   Code   RO          828    i.mbed_assert_internal  mbed.lib(assert.o)
    0x00007afc   0x00000074   Code   RO         3854    i.mbed_die          mbed.lib(board.o)
    0x00007b70   0x00000002   Code   RO         2340    i.mbed_main         mbed.lib(retarget.o)
    0x00007b72   0x00000002   Code   RO         2341    i.mbed_sdk_init     mbed.lib(retarget.o)
    0x00007b74   0x00000074   Code   RO         3581    i.pin_function      mbed.lib(pinmap.o)
    0x00007be8   0x0000008c   Code   RO         3582    i.pin_mode          mbed.lib(pinmap.o)
    0x00007c74   0x00000020   Code   RO         3949    i.pinmap_find_peripheral  mbed.lib(pinmap_common.o)
    0x00007c94   0x00000040   Code   RO         3951    i.pinmap_merge      mbed.lib(pinmap_common.o)
    0x00007cd4   0x0000004c   Code   RO         3952    i.pinmap_peripheral  mbed.lib(pinmap_common.o)
    0x00007d20   0x00000054   Code   RO         3953    i.pinmap_pinout     mbed.lib(pinmap_common.o)
    0x00007d74   0x000000f4   Code   RO         3608    i.pwmout_init       mbed.lib(pwmout_api.o)
    0x00007e68   0x00000016   Code   RO         3610    i.pwmout_period_ms  mbed.lib(pwmout_api.o)
    0x00007e7e   0x00000002   PAD
    0x00007e80   0x00000044   Code   RO         3611    i.pwmout_period_us  mbed.lib(pwmout_api.o)
    0x00007ec4   0x00000068   Code   RO         3616    i.pwmout_write      mbed.lib(pwmout_api.o)
    0x00007f2c   0x00000144   Code   RO         3688    i.serial_baud       mbed.lib(serial_api.o)
    0x00008070   0x000000fc   Code   RO         3692    i.serial_format     mbed.lib(serial_api.o)
    0x0000816c   0x000001ac   Code   RO         3695    i.serial_init       mbed.lib(serial_api.o)
    0x00008318   0x00000018   Code   RO         3699    i.serial_putc       mbed.lib(serial_api.o)
    0x00008330   0x0000000c   Code   RO         3701    i.serial_writable   mbed.lib(serial_api.o)
    0x0000833c   0x00000050   Code   RO         2084    i.ticker_insert_event  mbed.lib(ticker_api.o)
    0x0000838c   0x0000005a   Code   RO         2085    i.ticker_irq_handler  mbed.lib(ticker_api.o)
    0x000083e6   0x0000000c   Code   RO         2086    i.ticker_read       mbed.lib(ticker_api.o)
    0x000083f2   0x00000052   Code   RO         2087    i.ticker_remove_event  mbed.lib(ticker_api.o)
    0x00008444   0x00000012   Code   RO         2088    i.ticker_set_handler  mbed.lib(ticker_api.o)
    0x00008456   0x00000002   PAD
    0x00008458   0x0000000c   Code   RO         2271    i.us_ticker_clear_interrupt  mbed.lib(us_ticker.o)
    0x00008464   0x00000014   Code   RO         2272    i.us_ticker_disable_interrupt  mbed.lib(us_ticker.o)
    0x00008478   0x00000074   Code   RO         2273    i.us_ticker_init    mbed.lib(us_ticker.o)
    0x000084ec   0x00000010   Code   RO         2137    i.us_ticker_irq_handler  mbed.lib(us_ticker_api.o)
    0x000084fc   0x0000001c   Code   RO         2274    i.us_ticker_read    mbed.lib(us_ticker.o)
    0x00008518   0x00000014   Code   RO         2275    i.us_ticker_set_interrupt  mbed.lib(us_ticker.o)
    0x0000852c   0x00000028   Code   RO          957    i.wait              mbed.lib(wait_api.o)
    0x00008554   0x00000012   Code   RO          958    i.wait_ms           mbed.lib(wait_api.o)
    0x00008566   0x00000018   Code   RO          959    i.wait_us           mbed.lib(wait_api.o)
    0x0000857e   0x00000002   PAD
    0x00008580   0x0000002c   Code   RO         4945    locale$$code        c_w.l(lc_numeric_c.o)
    0x000085ac   0x0000002c   Code   RO         5015    locale$$code        c_w.l(lc_ctype_c.o)
    0x000085d8   0x00000008   Code   RO          237    t._ZN4mbed19FunctionPointerArg1IvvE6attachEPFvvE  main.o
    0x000085e0   0x00000062   Code   RO         4451    x$fpl$d2f           fz_wm.l(d2f.o)
    0x00008642   0x00000002   PAD
    0x00008644   0x00000154   Code   RO         4453    x$fpl$dmul          fz_wm.l(dmul.o)
    0x00008798   0x0000009c   Code   RO         4703    x$fpl$dnaninf       fz_wm.l(dnaninf.o)
    0x00008834   0x0000000c   Code   RO         4705    x$fpl$dretinf       fz_wm.l(dretinf.o)
    0x00008840   0x00000056   Code   RO         4455    x$fpl$f2d           fz_wm.l(f2d.o)
    0x00008896   0x0000008c   Code   RO         4707    x$fpl$fnaninf       fz_wm.l(fnaninf.o)
    0x00008922   0x0000000a   Code   RO         4897    x$fpl$fpinit        fz_wm.l(fpinit.o)
    0x0000892c   0x0000000a   Code   RO         4709    x$fpl$fretinf       fz_wm.l(fretinf.o)
    0x00008936   0x00000004   Code   RO         4711    x$fpl$printf1       fz_wm.l(printf1.o)
    0x0000893a   0x00000004   Code   RO         4713    x$fpl$printf2       fz_wm.l(printf2.o)
    0x0000893e   0x00000000   Code   RO         4721    x$fpl$usenofp       fz_wm.l(usenofp.o)
    0x0000893e   0x000011f8   Data   RO           58    .constdata          main.o
    0x00009b36   0x000004fb   Data   RO         1395    .constdata          ebb.lib(adafruit_gfx.o)
    0x0000a031   0x00000003   PAD
    0x0000a034   0x0000001c   Data   RO         2138    .constdata          mbed.lib(us_ticker_api.o)
    0x0000a050   0x00000017   Data   RO         2383    .constdata          mbed.lib(retarget.o)
    0x0000a067   0x00000001   PAD
    0x0000a068   0x00000190   Data   RO         3617    .constdata          mbed.lib(pwmout_api.o)
    0x0000a1f8   0x0000012c   Data   RO         3709    .constdata          mbed.lib(serial_api.o)
    0x0000a324   0x00000128   Data   RO         4017    .constdata          mbed.lib(i2c_api.o)
    0x0000a44c   0x00000028   Data   RO         4230    .constdata          c_w.l(_printf_hex_int_ll_ptr.o)
    0x0000a474   0x00000011   Data   RO         4250    .constdata          c_w.l(__printf_flags_ss_wp.o)
    0x0000a485   0x00000003   PAD
    0x0000a488   0x00000008   Data   RO         4540    .constdata          c_w.l(_printf_wctomb.o)
    0x0000a490   0x00000020   Data   RO         4739    .constdata          m_wm.l(rredf.o)
    0x0000a4b0   0x00000026   Data   RO         4781    .constdata          c_w.l(_printf_fp_hex.o)
    0x0000a4d6   0x00000002   PAD
    0x0000a4d8   0x00000094   Data   RO         4918    .constdata          c_w.l(bigflt0.o)
    0x0000a56c   0x0000001c   Data   RO         3027    .constdata__ZTV10EaLcdBoard  ebb.lib(ealcdboard.o)
    0x0000a588   0x0000002c   Data   RO         1535    .constdata__ZTV12Adafruit_GFX  ebb.lib(adafruit_gfx.o)
    0x0000a5b4   0x0000001c   Data   RO         2647    .constdata__ZTV14EaLcdBoardGPIO  ebb.lib(ealcdboardgpio.o)
    0x0000a5d0   0x0000002c   Data   RO         3111    .constdata__ZTV5GFXFb  ebb.lib(gfxfb.o)
    0x0000a5fc   0x00000070   Data   RO         1848    .constdata__ZTV7Display  ebb.lib(display.o)
    0x0000a66c   0x0000002c   Data   RO         2549    .constdata__ZTVN4mbed10FileHandleE  mbed.lib(retarget.o)
    0x0000a698   0x00000014   Data   RO         1331    .constdata__ZTVN4mbed10TimerEventE  mbed.lib(timerevent.o)
    0x0000a6ac   0x00000044   Data   RO         1112    .constdata__ZTVN4mbed6StreamE  mbed.lib(stream.o)
    0x0000a6f0   0x00000014   Data   RO         1243    .constdata__ZTVN4mbed6TickerE  mbed.lib(ticker.o)
    0x0000a704   0x00000010   Data   RO         3284    .constdata__ZTVN4mbed8FileBaseE  mbed.lib(filebase.o)
    0x0000a714   0x0000003c   Data   RO         2196    .constdata__ZTVN4mbed8FileLikeE  mbed.lib(filelike.o)
    0x0000a750   0x00000048   Data   RO           59    .conststring        main.o
    0x0000a798   0x00000042   Data   RO         3618    .conststring        mbed.lib(pwmout_api.o)
    0x0000a7da   0x00000002   PAD
    0x0000a7dc   0x000000c6   Data   RO         3710    .conststring        mbed.lib(serial_api.o)
    0x0000a8a2   0x00000002   PAD
    0x0000a8a4   0x00000020   Data   RO         5102    Region$$Table       anon$$obj.o
    0x0000a8c4   0x0000001c   Data   RO         4944    locale$$data        c_w.l(lc_numeric_c.o)
    0x0000a8e0   0x00000110   Data   RO         5014    locale$$data        c_w.l(lc_ctype_c.o)
    0x0000a9f0   0x00000004   Data   RO           61    .init_array         main.o
    0x0000a9f4   0x00000000   Data   RO         4324    .init_array         c_w.l(init_aeabi.o)


    Execution Region RW_IRAM1 (Base: 0x100000e8, Size: 0x00000a2c, Max: 0x0000ff18, ABSOLUTE)

    Base Addr    Size         Type   Attr      Idx    E Section Name        Object

    0x100000e8   0x00000094   Data   RW           60    .data               main.o
    0x1000017c   0x00000008   Data   RW          594    .data               nodeheap.o
    0x10000184   0x00000010   Data   RW          756    .data               system_lpc407x_8x_177x_8x.o
    0x10000194   0x00000008   Data   RW         1810    .data               ebb.lib(display.o)
    0x1000019c   0x00000008   Data   RW         2139    .data               mbed.lib(us_ticker_api.o)
    0x100001a4   0x00000004   Data   RW         2276    .data               mbed.lib(us_ticker.o)
    0x100001a8   0x00000010   Data   RW         3142    .data               ebb.lib(sdram.o)
    0x100001b8   0x00000004   Data   RW         3247    .data               mbed.lib(filebase.o)
    0x100001bc   0x00000004   Data   RW         3520    .data               mbed.lib(i2c.o)
    0x100001c0   0x00000004   Data   RW         3619    .data               mbed.lib(pwmout_api.o)
    0x100001c4   0x00000010   Data   RW         3711    .data               mbed.lib(serial_api.o)
    0x100001d4   0x00000001   Data   RW         3897    .data               ebb.lib(lcdcontroller.o)
    0x100001d5   0x00000003   PAD
    0x100001d8   0x00000004   Data   RW         4281    .data               c_w.l(stdio_streams.o)
    0x100001dc   0x00000004   Data   RW         4282    .data               c_w.l(stdio_streams.o)
    0x100001e0   0x00000004   Data   RW         4283    .data               c_w.l(stdio_streams.o)
    0x100001e4   0x00000180   Zero   RW           57    .bss                main.o
    0x10000364   0x00000168   Zero   RW          593    .bss                nodeheap.o
    0x100004cc   0x00000040   Zero   RW         2382    .bss                mbed.lib(retarget.o)
    0x1000050c   0x00000400   Zero   RW         2884    .bss                ebb.lib(ealcdboard.o)
    0x1000090c   0x00000054   Zero   RW         4278    .bss                c_w.l(stdio_streams.o)
    0x10000960   0x00000054   Zero   RW         4279    .bss                c_w.l(stdio_streams.o)
    0x100009b4   0x00000054   Zero   RW         4280    .bss                c_w.l(stdio_streams.o)
    0x10000a08   0x000000e4   Zero   RW         4298    .bss                c_w.l(rand.o)
    0x10000aec   0x00000004   Zero   RW         4485    .bss                c_w.l(rt_heap_descriptor.o)
    0x10000af0   0x00000004   Zero   RW         4490    .bss                c_w.l(rt_new_handler_addr.o)
    0x10000af4   0x00000004   Zero   RW         4495    .bss                c_w.l(rt_ddtor_pointer_addr.o)
    0x10000af8   0x00000004   Zero   RW         4762    .bss                c_w.l(rt_errno_addr.o)
    0x10000afc   0x00000014   Zero   RW         4904    .bss                c_w.l(rt_locale.o)
    0x10000b10   0x00000004   Zero   RW         4909    .bss                c_w.l(rt_eh_globals_addr.o)


    Execution Region RW_IRAM2 (Base: 0x20000000, Size: 0x00000000, Max: 0x00004000, ABSOLUTE)

    **** No section assigned to this execution region ****


    Execution Region RW_IRAM3 (Base: 0x20004000, Size: 0x00000000, Max: 0x00004000, ABSOLUTE)

    **** No section assigned to this execution region ****



  Load Region LR_IROM2 (Base: 0x28000000, Size: 0x00000000, Max: 0x01000000, ABSOLUTE)

    Execution Region ER_IROM2 (Base: 0x28000000, Size: 0x00000000, Max: 0x01000000, ABSOLUTE)

    **** No section assigned to this execution region ****


==============================================================================

Image component sizes


      Code (inc. data)   RO Data    RW Data    ZI Data      Debug   Object Name

        64          6          0          0          0      28185   cmsis_nvic.o
      5914        600       4676        148        384      82273   main.o
       216         36          0          8        360       3784   nodeheap.o
        40         12        228          0          0       1284   startup_lpc407x_8x_177x_8x.o
        48          6          0          0          0       3309   sys.o
      1040         62          0         16          0       4952   system_lpc407x_8x_177x_8x.o
        32         10          0          0          0        547   utils.o

    ----------------------------------------------------------------------
      7354        732       4936        172        744     124334   Object Totals
         0          0         32          0          0          0   (incl. Generated)
         0          0          0          0          0          0   (incl. Padding)

    ----------------------------------------------------------------------

      Code (inc. data)   RO Data    RW Data    ZI Data      Debug   Library Member Name

        60          8          0          0          0         84   __0sscanf.o
        44          6          0          0          0         84   __2sprintf.o
         8          0          0          0          0         68   __main.o
       392          4         17          0          0         92   __printf_flags_ss_wp.o
        14          0          0          0          0         68   __printf_wp.o
         0          0          0          0          0          0   __rtentry.o
        12          0          0          0          0          0   __rtentry2.o
         6          0          0          0          0          0   __rtentry4.o
        52          8          0          0          0          0   __scatter.o
        26          0          0          0          0          0   __scatter_copy.o
        28          0          0          0          0          0   __scatter_zi.o
        28          0          0          0          0         68   _chval.o
         6          0          0          0          0          0   _printf_a.o
         6          0          0          0          0          0   _printf_c.o
        44          0          0          0          0        108   _printf_char.o
        48          6          0          0          0         96   _printf_char_common.o
        36          4          0          0          0         80   _printf_char_file.o
        40          0          0          0          0         68   _printf_charcount.o
         6          0          0          0          0          0   _printf_d.o
       120         16          0          0          0         92   _printf_dec.o
         6          0          0          0          0          0   _printf_e.o
         6          0          0          0          0          0   _printf_f.o
      1050          0          0          0          0        216   _printf_fp_dec.o
       764          8         38          0          0        100   _printf_fp_hex.o
       128         16          0          0          0         84   _printf_fp_infnan.o
         6          0          0          0          0          0   _printf_g.o
       148          4         40          0          0        160   _printf_hex_int_ll_ptr.o
         6          0          0          0          0          0   _printf_i.o
       178          0          0          0          0         88   _printf_intcommon.o
        10          0          0          0          0          0   _printf_l.o
         6          0          0          0          0          0   _printf_lc.o
        10          0          0          0          0          0   _printf_ll.o
         6          0          0          0          0          0   _printf_lld.o
         6          0          0          0          0          0   _printf_lli.o
         6          0          0          0          0          0   _printf_llo.o
         6          0          0          0          0          0   _printf_llu.o
         6          0          0          0          0          0   _printf_llx.o
       124         16          0          0          0         92   _printf_longlong_dec.o
         6          0          0          0          0          0   _printf_ls.o
         6          0          0          0          0          0   _printf_n.o
         6          0          0          0          0          0   _printf_o.o
       112         10          0          0          0        124   _printf_oct_int_ll.o
         6          0          0          0          0          0   _printf_p.o
        78          0          0          0          0        108   _printf_pad.o
         0          0          0          0          0          0   _printf_percent.o
         4          0          0          0          0          0   _printf_percent_end.o
         6          0          0          0          0          0   _printf_s.o
        82          0          0          0          0         80   _printf_str.o
        36          0          0          0          0         84   _printf_truncate.o
         6          0          0          0          0          0   _printf_u.o
        44          0          0          0          0        108   _printf_wchar.o
       188          6          8          0          0         92   _printf_wctomb.o
         6          0          0          0          0          0   _printf_x.o
        22          0          0          0          0        100   _rserrno.o
       884          6          0          0          0        100   _scanf.o
       332          0          0          0          0         96   _scanf_int.o
        64          0          0          0          0         84   _sgetc.o
        10          0          0          0          0         68   _sputc.o
        64          0          0          0          0         92   _wcrtomb.o
        22          0          0          0          0         80   abort.o
        46          0          0          0          0         84   aeabi_atexit.o
       220          4        148          0          0         96   bigflt0.o
      1910        128          0          0          0        672   btod.o
        10          0          0          0          0         68   c89vfprintf.o
        66          0          0          0          0         84   cxa_finalize.o
        48         34          0          0          0         76   defsig_abrt_inner.o
        14          0          0          0          0         80   defsig_abrt_outer.o
        10          0          0          0          0         68   defsig_exit.o
        50          0          0          0          0         88   defsig_general.o
        48         34          0          0          0         76   defsig_pvfn_inner.o
        14          0          0          0          0         80   defsig_pvfn_outer.o
        80         58          0          0          0         76   defsig_rtmem_inner.o
        14          0          0          0          0         80   defsig_rtmem_outer.o
        52         38          0          0          0         76   defsig_rtred_inner.o
        14          0          0          0          0         80   defsig_rtred_outer.o
        76          0          0          0          0         88   fclose.o
         8          0          0          0          0         68   ferror.o
       100          4          0          0          0        120   fflush.o
       470          0          0          0          0         88   flsbuf.o
       236          4          0          0          0        128   fopen.o
        26          0          0          0          0         68   fputc.o
       248          6          0          0          0         84   fseek.o
        66          0          0          0          0         76   ftell.o
        94          0          0          0          0         80   h1_alloc.o
        52          0          0          0          0         68   h1_extend.o
        78          0          0          0          0         80   h1_free.o
        14          0          0          0          0         84   h1_init.o
         8          0          0          0          0         84   heapauxmm.o
         4          0          0          0          0        136   hguard.o
         0          0          0          0          0          0   indicate_semi.o
        36         10          0          0          0         80   init_aeabi.o
       138          0          0          0          0        168   init_alloc.o
       312         46          0          0          0        112   initio.o
        18          0          0          0          0         76   isspace.o
        44         10        272          0          0         76   lc_ctype_c.o
        44         10         28          0          0         76   lc_numeric_c.o
         2          0          0          0          0          0   libinit.o
        54          0          0          0          0          0   libinit2.o
         0          0          0          0          0          0   libshutdown2.o
       138          0          0          0          0         80   lludiv10.o
         0          0          0          0          0          0   maybetermalloc1.o
       112         18          0          0        228        160   rand.o
        16          4          0          0          0         76   rt_ctype_table.o
         8          4          0          0          4         68   rt_ddtor_pointer_addr.o
         8          4          0          0          4         68   rt_eh_globals_addr.o
         8          4          0          0          4         68   rt_errno_addr.o
         8          4          0          0          4         68   rt_heap_descriptor.o
         8          4          0          0         20         68   rt_locale.o
        68          0          0          0          0         68   rt_memclr.o
        78          0          0          0          0         80   rt_memclr_w.o
         8          4          0          0          4         68   rt_new_handler_addr.o
        44          8          0          0          0         84   scanf_char.o
        20          0          0          0          0         68   setbuf.o
        70          0          0          0          0         80   setvbuf.o
       240          6          0          0          0        156   stdio.o
         0          0          0         12        252          0   stdio_streams.o
       128          0          0          0          0         68   strcmpv7m.o
        62          0          0          0          0         76   strlen.o
       150          0          0          0          0         80   strncmp.o
        12          4          0          0          0         68   sys_exit.o
        14          0          0          0          0         76   sys_wrch.o
         2          0          0          0          0         68   use_no_semi.o
        10          0          0          0          0         68   vfprintf.o
        80         12          0          0          0        104   arm_exceptions_globs.o
        60          0          0          0          0        108   arm_exceptions_mem.o
        26          0          0          0          0         76   arm_exceptions_terminate.o
         4          0          0          0          0         68   arm_newhandler_noexceptions.o
        16          0          0          0          0         68   cxa_guard_acquire.o
        40          6          0          0          0         76   new.o
         6          0          0          0          0         68   pure_virt.o
      1700         10       1319          0          0      24592   adafruit_gfx.o
       512         74        112          8          0      45512   display.o
      1810         52         28          0       1024      22924   ealcdboard.o
       488         58         28          0          0      39872   ealcdboardgpio.o
       350          4         44          0          0       5628   gfxfb.o
      1026         62          0          1          0       6364   lcdcontroller.o
      1694         98          0         16          0       7292   sdram.o
        98          4          0          0          0        140   d2f.o
       340         12          0          0          0        152   dmul.o
       156          4          0          0          0        140   dnaninf.o
        12          0          0          0          0        116   dretinf.o
        86          4          0          0          0        132   f2d.o
       140          4          0          0          0        132   fnaninf.o
        10          0          0          0          0        116   fpinit.o
        10          0          0          0          0        116   fretinf.o
         4          0          0          0          0        116   printf1.o
         4          0          0          0          0        116   printf2.o
         0          0          0          0          0          0   usenofp.o
       336         56          0          0          0        136   cosf.o
        48          0          0          0          0        124   fpclassify.o
        38          0          0          0          0        116   fpclassifyf.o
        38         12          0          0          0        348   funder.o
       340         24         32          0          0        160   rredf.o
       400         56          0          0          0        212   sinf.o
        76         54          0          0          0        659   assert.o
       244         82          0          0          0       1199   board.o
        32          4          0          0          0       1088   error.o
       102         12         16          4          0       1952   filebase.o
       102         10         60          0          0       3596   filelike.o
       212          0          0          0          0       6336   filepath.o
       296         82          0          0          0      35432   gpio.o
       330        154          0          0          0       3410   gpio_api.o
       192         16          0          4          0       4368   i2c.o
      1006        122        296          0          0      11801   i2c_api.o
       256        148          0          0          0       1778   pinmap.o
       256         76          0          0          0       2976   pinmap_common.o
       438         68        466          4          0       4131   pwmout_api.o
       686         68         67          0         64      15722   retarget.o
      1040        144        498         16          0       6995   serial_api.o
       184         14         68          0          0      38192   stream.o
       112          0         20          0          0       5752   ticker.o
       282          0          0          0          0       3732   ticker_api.o
       118         16         20          0          0       2632   timerevent.o
       196         48          0          4          0      29756   us_ticker.o
        24         10         28          8          0       1541   us_ticker_api.o
        82          4          0          0          0       3139   wait_api.o

    ----------------------------------------------------------------------
     27552       2252       3666         80       1608     349563   Library Totals
        46          0         13          3          0          0   (incl. Padding)

    ----------------------------------------------------------------------

      Code (inc. data)   RO Data    RW Data    ZI Data      Debug   Library Name

     11368        568        551         12        520       8252   c_w.l
       232         18          0          0          0        568   cpprt_w.l
      7580        358       1531         25       1024     152184   ebb.lib
       860         28          0          0          0       1276   fz_wm.l
      1200        148         32          0          0       1096   m_wm.l
      6266       1132       1539         40         64     186187   mbed.lib

    ----------------------------------------------------------------------
     27552       2252       3666         80       1608     349563   Library Totals

    ----------------------------------------------------------------------

==============================================================================


      Code (inc. data)   RO Data    RW Data    ZI Data      Debug   

     34906       2984       8602        252       2352     445949   Grand Totals
     34906       2984       8602        252       2352     445949   ELF Image Totals
     34906       2984       8602        252          0          0   ROM Totals

==============================================================================

    Total RO  Size (Code + RO Data)                43508 (  42.49kB)
    Total RW  Size (RW Data + ZI Data)              2604 (   2.54kB)
    Total ROM Size (Code + RO Data + RW Data)      43760 (  42.73kB)

==============================================================================

